type octile
height 256
width 256
map
...@@@@@@@@@@..............@@@@@@@@@@@@@@@@@@@@@@@@@@@@@@@@@@@@@@@@@@@@@@@@...............................@@@@@@@@@@@@@......................@@@@@@@@@@@@@@@@@@@................................................................................................
....@@@@@@@@..............@@@@@@@@@@@@@@@@@@@@@@@@@@@@@@@@@@@@@@@@@@@@@@@@@..............................@@@@@@@@@@@@@@...................@@@@@@@@@@@@@@@@@@@@@.................................................................................................
.........................@@@@@@@@@@@@@@@@@@@@@@@@@@@@@@@@@@@@@@@@@@@@@@@@@@.............................@@@@@@@@@@@@@@.........@@@@@@@@@@@@@@@@@@@@@@@@@@@@@@@@.................................................................................................
........................@@@@@@@@@@@@@@@@@@@@@@@@@@@@@@@@@@@@@@@@@@@@@@@@@@@...........................@@@@@@@@@@@@@@@..........@@@@@@@@@@@@@@@@@@@@@@@@@@@@@@@..................................................................................................
.......................@@@@@@@@@@@@@@@@@@@@@@@@@@@@@@@@@@@@@@@@@@@@@@@@@@@@..........................@@@@@@@@@@@@@@@..........@@@@@@@@@@@@@@@@@@@@@@@@@@@@@@@...................................................................................................
......................@@@@@@@@@@@@@@@@@@@@@@@@@@@@@@@@@@@@@@@@@@@@@@@@@@@@..........................@@@@@@@@@@@@@@@@..........@@@@@@@@@@@@@@@@@@@@@@@@@@@@@@....................................................................................................
.....................@@@@@@@@@@@@@@@@@@@@@@@@@@@@@@@@@@@@@@@@@@@@@@@@@@@@...........................@@@@@@@@@@@@@@@..........@@@@@@@@@@@@@@@@@@@@@@@@@@@@@@.....................................................................................................
....................@@@@@@@@@@@@@@@@@@@@@@@@@@@@@@@@@@@@@@@@@@@@@@@@@@@@............................@@@@@@@@@@@@@@...........@@@@@@@@@@@@@@@@@@@@@@@@@@@@.......................................................................................................
...................@@@@@@@@@@@@@@@@@@@@@@@@@@@@@@@@@@@@@@@@@@@@@@@@@@@@..............................@@@@@@@@@@@@..............@@@@@@@@@@@@@@@@@@@@@@@@.........................................................................................................
..................@@@@@@@@@@@@@@@@@@@@@@@@@@@@@@@@@@@@@@@@@@@@@@@@@@@@...............................@@@@@@@@@@@@..............@@@@@@@@@@@@@@@@@@@@@@@..........................................................................................................
..................@@@@@@@@@@@@@@@@@@@@@@@@@@@@@@@@@@@@@@@@@@@@@@@@@@@.................................@@@@@@@@@@................@@@@@@@@@@@@@@@@@@@@............................................................................................................
..................@@@@@@@@@@@@@@@@@@@@@@@@@@@@@@@@@@@@@@@@@@@@@@@@@@...................................@@@@@@@@..................@@@@@@@@@@@@@@@@@..............................................................................................................
..................@@@@@@@@@@@@@@@@@@@@@@@@@@@@@@@@@@@@@@@@@@@@@@@@@......................................@@@@@....................@@@@@@@@@@@@@@................................................................................................................
..................@@@@@@@@@@@@@@@@@@@@@@@@@@@@@@@@@@@@@@@@@@@@@@@@........................................@@....................................................................................................................................................
..................@@@@@@@@@@@@@@@@@@@@@@@@@@@@@@@@@@@@@@@@@@@@@@@...............................................................................................................................................................................................
..................@@@@@@@@@@@@@@@@@@@@@@@@@@@@@@@@@@@@@@@@@@@@@@................................................................................................................................................................................................
..................@@@@@@@@@@@@@@@@@@@@@@@@@@@@@@@@@@@@@@@@@@@@@.................................................................................................................................................................................................
...................@@@@@@@@@@@@@@@@@@@@@@@@@@@@@@@@@@@@@@@@@@@..................................................................................................................................................................................................
....................@@@@@@@@@@@@@@@@@@@@@@@@@@@@@@@@@@@@.@@@@...................................................................................................................................................................................................
.....................@@@@@@@@@@@@@@@@@@@@@@@@@@@@@@@@@@..@@@........@@@@@@@.....................................................................................................................................................................................
.........@...........@@@@@@@@@@@@@@@@@@@@@@@@@@@@@@@@....@@........@@@@@@@@.....................................................................................................................................................................................
........@@@...........@@@@@@@@@@@@@@@@@@@@@@@@@@@@@@@@.............@@@@@@@@.....................................................................................................................................................................................
.......@@@@.@..........@@@@@@@@@@@@@@@@@@@@@@@@@@@@@@..............@@@@@@@@.....................................................................................................................................................................................
......@@@@@@@@..........@@@@@@@@@@@@@@@@@@@@@@@@@@@@...............@@@@@@@@.....................................................................................................................................................................................
.....@@@@@@@@@@..........@@@@@@@@@@@@@@@@@@@@@@@@@@................@@@@@@@@.....................................................................................................................................................................................
....@@@@@@@@@@............@@@@@@@@@@@@@@@@@@@@@@@@.................@@@@@@@@..........................@@@@@@@@@..................................................................................................................................................
.....@@@@@@@@@@............@@@@@@@@@@@@@@@@@@@@@...................@@@@@@@@..........................@@@@@@@@@..................................................................................................................................................
......@@@@@@@@..............@@@@@@@@@@@@@@@@@@@....................@@@@@@@@..........................@@@@@@@@@....@@@@@@@@......................@.......@@@@@@@@......@@@.......................................................................................
.......@@@@@................@@@@@@@@@@@@@@@@@@.............@.......@@@@@@@@..........................@@@@@@@@@....@@@@@@@@.....................@@@......@@@@@@@@......@@@@@@.............@@@@@@.................................................................
..@.....@@@..................@@@@@@@@@@@@@@@@@@@..........@@@......@@@@@@@@............................@@@@@@.....@@@@@@@@....................@@@@@....@@@@@@@@@......@@@@@@.............@@@@@@@@@@@@.....@@@@@@@@..............................................
.@@@@@...@....................@@@@@@@@@@@@@@@@@..........@@@@@....@@@@@@@@@............................@@@@@@.....@@@@@@@@...................@@@@@@@...@@@@@@@@@.....@@@@@@@.............@@@@@@@@@@@@.....@@@@@@@@@.............................................
@@@@@@@........................@@@@@@@@@@@@@@@..........@@@@@@....@@@@@@@@@............................@@@@@@.....@@@@@@@@................@...@@@@@@....@@@@@@@......@@@@@@@.............@@@@@@@@@@@@.....@@@@@@@@@@............................................
@@@@@@@@........................@@@@@@@@@@@@@..........@@@@@@@@...@@@@@@@@@............................@@@@@@.....@@@@@@@@...............@@@...@@@@@....@@@@@@@......@@@@@@@............@@@@@@@@@@@@@.....@@@@@@@@@@@...........................................
@@@@@@@@.........@@@.@@@........@@@@@@@@@@@@@.........@@@@@@@@@@..@@@@@@@@@............................@@@@@@...........................@@@@@...@@@@@..@@@@@@@@@.....@@@@@@@............@@@@@@@@@@@@@.....@@@@@@@@@@@@..........................................
@@@@@@@@........@@@@@@@@@..........@@@@@@@@..........@@@@@@@@@@...@@@@@@@@.............................................................@@@@@@@...@@@...@@@@@@@@@.....@@@@@@@............@@@@@@@@@@@@@.....@@@@@@@@@@@@@.........................................
.@@@@@@@@......@@@@@@@@@@..........@@@@@@@..........@@@@@@@@@@....@@@@@@@@............................................................@@@@@@@@@...@....@@@@@@@@@..........................................@@@@@@@@@@@@@@........................................
..@@@@@@.....@@@@@@@@@@@@@..........@@@@@..........@@@@@@@@@@.....@@@@@@@@...........................................................@@@@@@@@@@@.......@@@@@@@@@................................................@@@@@@@@@.......................................
...@@@@.....@@@@@@@@@@@@@...........@@@@@.........@@@@@@@@@@......@@@@@@@@..........................................................@@@@@@@@@@@@@......@@@@@@@@@.................................................@@@@@@@........................................
...@@@.....@@@@@@@@@@@@@.............@@@...........@@@@@@@@.......@@@@@@@@............................@@@@@..........................@@@@@@@@@@@@@.....@@@@@@@@@..................................................@@@@@.........................................
....@.......@@@@@@@@@@@........................@....@@@@@.........@@@@@@@@............................@@@@@@..........................@@@@@@@@@@@......@@@@@@@@@.....@@@@..........................................@@@..........................................
............@@@@@@@@@.........................@@@....@@@....@@@@@@@@@@@@@@...........................@@@@@@@.......................@...@@@@@@@@@............@@@@.....@@@@@@@........................................@...........................................
............@@@@@@@@.........................@@@@@.@@@@@....@@@@@@@@@@@@@@...........................@@@@@@@......................@@@...@@@@@.@......................@@@@@@@................................................@...................................
.............@@@@...........................@@@@@@@@@@@@@...@@@@@@@@@@@@@@...........................@@@@@@@.....................@@@@@...@@@.........................@@@@@@@...............................................@@@..................................
...............@T@@........................@@@@@@@@@@@@@@@..@@@@@@@@@@@@@@...........................@@@@@@@....................@@@@@@@...@..........................@@@@@@@.............................................@@@@@@.................................
................@@@@........................@@@@@@@@@@@@@...@@@@@@@@@@@@@@...........................@@@@@@@...................@@@@@@@@@.............................@@@@@@@............................................@@@@@@@@................................
...............@@@@@@........................@@@@@@@@@@@.........@@@@@@@@@...........................@@@@@@@..................@@@@@@@@@..............................@@@@@@@.........@@@...............................@@@@@@@@@@...............................
...............@@@@@@@........................@@@@@@@@@..........@@@@@@@@@..............................@@@@.................@@@@@@@@@...............................@@@@@@@.........@@@@@@.............................@@@@@@@@@@..............................
..............@@@@@@@@@........................@@@@@@@...@.......@@@@@@@@@....................................................@@@@@@@...................................@@@@.........@@@@@@..............................@@@@@@@@@@.............................
.............@@@@@@@@@@.........................@@@@@T@.@@@......@@@@@@@@@.....................................................@@@@@.................................................@@@@@@...............................@@@@@@@@@@............................
..............@@@@@@@@@@.............@...........@@@.@@@@@@@.......@@@@.........................................................@@@@.................................................@@@@@@................................@@@@@@@@@............................
...............@@@@@@@@.............@@@...........@..@@@@@@@@.....@@@@..........................................................@@@@@...@@@@.........................................@@@@@@.................................@@@@@@@@............................
................@@@@@@@@...........@@@@@@............@@@@@@@@@....@@@@@@@@.......................................................@@@...@@@@@@@@@@@...................................@@@@@@..................................@@@@@@@............................
................@@@@@@@...........@@@@@@@@..........@@@@@@@@@.....@@@@@@@@..........................................@.............@....@@@@@@@@@@@................@@@@@..............@@@@@@..................................@@@@@@.............................
.................@@@@@...........@@@@@@@@@@..........@@@@@@@......@@@@@@@@.........................................@@@.................@@@@@@@@@@@...@@@@.........@@@@@@@@@@.........@@@@@@..................................@@@@@@.............................
...................@@...........@@@@@@@@@@...........@@@@@@..@@...@@@@@@@@........................................@@@@@................@@@@@@@@@@@...@@@@.........@@@@@@@@@@........@@@@@@@.................................@@@@@@@.............................
...................@..........@@@@@@@@@@@.............@@@T@.@@@@..@@@@@@@@.......................................@@@@@@@...............@@@@@@@@@@@.@@@@@@@@@......@@@@@@@@@@........@@@@@@@.................................@@@@@@@.............................
@............................@@@@@@@@@@@...............@@@@@@@@@@.@@@@@@@@......................................@@@@@@@@@...............@@@@@@@@@@.@@@@@@@@@......@@@@@@@@@@........@@@@@@@.....................................................................
@@..........................@@@@@@@@@@@................@@@@@@@@@@.@@@@@@@@.....................................@@@@@@@@@................@@@@@@@@@@.@@@@@@@@@......@@@@@@@@@@........@@@@@@@.....................................................................
@@@........................@@@@@@@@@@@..................@@@@@@@@@.............................................@@@@@@@@@.................@@@@@@@@@@.@@@@@@@@@......@@@@@@@@@.........@@@@@@@.....................................................................
@@@@......................@@@@@@@@@@@....................@@@@@@@@......@@......................................@@@@@.@....@@@@@@@@.................@@@@@@@@@......@@@@@@@@@.........@@@@@@@.............@@@@@@@@@@@@@.......@@@@................................
@@@@@....................@@@@@@@@@@.......................@@@@@@.....@@@@......................................@@@@.......@@@@@@@@.................@@@@@@@@@......@@@@@@@@@.........@@@@@@@.............@@@@@@@@@@@@@.......@@@@@@@.............................
@@@@@@..................@@@@@@@@@@..............@..........@@@@@.....@@@@....................................@..@@@.......@@@@@@@@.................@@@@@@@@.......@@@@@@@@@.........@@@@@@@.............@@@@@@@@@@@@@.......@@@@@@@.............................
@@@@@@...................@@@@@@@@..............@@@..........@@@@@....@@@@...................................@@@..@........@@@@@@@@..................................................@@@@@@@............@@@@@@@@@@@@@@.......@@@@@@@.............................
@@@@@@@...................@@@@@@..............@@@@.@.........@@@@@...@@@@.................................@@@@@@..........@@@@@@@@.....................................................................@@@@@@@@@@@@@@.......@@@@@@@.............................
@@@@@@@@..................@@@@@..............@@@@@@@@........@@@@@@..@@@@................................@@@@@@@@.@.......@@@@@@@@@@@@.................................................................@@@@@@@@@@@@@@.......@@@@@@@.............................
@@@@@@@@@..................@@@................@@@@@@..........@@@@@@.@@@@...............................@@@@@@@@@@@@......@@@@@@@@@@@@..................................................................@@@@@@@@@@@@@.......@@@@@@@.............................
@@@@@@@@@@..................@..................@@@@............@@@@@@@@@@................................@@@@@@@@@@@@.....@@@@@@@@@@@@..................................................................@@@@@@@@@@@@@.......@@@@@@@.............................
@@@@@@@@@.......................................@@@.............@@@@@@@@..................................@@@@@@@@@@@.....@@@@@@@@@@@@.............@@@@@@@..............................................@@@@@@@@@@@@........@@@@@@@.............................
@@@@@@@..........................................@...............@@@@@@....................................@@@@@@@@@@@....@@@@@@@@@@@@.............@@@@@@@@@@@@@@@..................@@@................@@@@@@@@@@@@@........@@@@@@@.............................
.@@@@@..................................................@.........@@@.......................................@.@@@@@@@.....@@@@@@@@@@@@............@@@@@@@@@@@@@@@@..................@@@@@@.............@@@@@@@@@@@@@@.......@@@@@@@.............................
.@@@@..................................................@@@.........@...........................................@.@@@......@@@@@@@@@@@@............@@@@@@@@@@@@@@@@..................@@@@@@.............@@@@@@@@@@@@@@.......@@@@@@@.............................
..@....................................................@@@@.......................................................@...............................@@@@@@@@@@@@@@@@..................@@@@@@.............@@@@@@@@@@@@@@.......@@@@@@@.............................
..............@................................@........@@@@..........................................@@@@@.......................................@@@@@@@@@@@@@@@@@.................@@@@@@.............@@@@@@@@@@@@@@.......@@@@@@@.............................
............@@@@..............................@@@.....@@@@@@@.........................................@@@@@.......................................@@@@@@@@@@@@@@@@@.................@@@@@@.............@@@@@@@@@@@@@@.......@@@@@@@.............................
...........@@@@@@...........................@@@@@@....@@@@@@@@......................................@.@@@@@........................................@@@@@@@@@@@@@@@@.................@@@@@@.............@@@@@@@@@@@@@@.......@@@@@@@.............................
..........@@@@@@@..........................@@@@@@@@....@@@@@@@@.....................................@@@@@@@.........................................................................@@@@@@......................................................................
........@@@@@@@@@@........................@@@@@@@@@@....@@@@@@......................................@@@@@@..................................@@@@@@@.................................@@@@@@......................................................................
.......@@@@@@@@@@@@........................@@@@@@@@@@....@@@........................................@@@@@@..................................@@@@@@@.................@@@@@..........@@@@@@@......................................................................
........@@@@@@@@@@..........................@@@@@@@@@@....@.........................................@@@@@@..................................@@@@@@@.................@@@@@@@........@@@@@@@......................................................................
........@@@@@@@@@............................@@@@@@@@..............................................@@@@@@@..................................@@@@@@@.................@@@@@@@........@@@@@@@..................................@@@@@@@.............................
.........@...@@..............................@@@@@@@...............................................@@@@@@@..................@@..............@@@@@@@.................@@@@@@@........@@@@@@@..................................@@@@@@@.............................
.............@................................@@@@@................................................@@@@@@@..............@@@@@@.............@@@@@@@..................@@@@@@@........@@@@@@@..................................@@@@@@@.............................
...............................................@@@.................................................@@@@@@@@...........@@@@@@@@.............@@@@@@@..................@@@@@@@........@@@@@@@.................................@@@@@@@@.............................
@...............................................@...................................................@@@@@@@...........@@@@@@@@@............@@@@@@@..................@@@@@@.........@@@@@@@................................@@@@@@@@@.............................
@@..................................................................................................@@@@@@@............@@@@@@@@@@@@@@@.....@@@@@@@..................@@@@@@.........@@@@@@@...............................@@@@@@@@@..............................
@@@.................................................................................................@@@@@@@............@@@@@@@@@@@@@@@.....@@@@@@@..................@@@@@@.........@@@@@@@.............................@@@@@@@@@@@..............................
@@@@...................................................................................................................@@@@@@@@@@@@@@@..............................@@@@@@............................................@@@@@@@@@@@@..............................
@@@@@..................................................................................................................@@@@@@@@@@@@@@@...............................................................................@@@@@@@@@@@@@..............................
@@@@@@.........................................................................................................@........@@@@@@@@@@@@@@.............................................................................@@@@@@@@@@@@@@@..............................
@@@@@........................@..............................................................................@.@@@.......@@@@@@@@@@@@@@.....@@@@@@@@...............................................................@@@@@@@@@@@@@@@...............................
@@@@........................@@@...........................................................................@@@@@@@.......@@@@@@@@@@@@@@.....@@@@@@@@.................@@@@@@........................................@@@@@@@@@@....................................
@@@........................@@@@@.........................................................................@@@@@@@@........@@@@@@@@@@@@@.....@@@@@@@@.................@@@@@@.......................................@@@@@@@@@@.....................................
@@........................@@@@@@@........................................................................@@@@@@@.........@@@...............@@@@@@@@.................@@@@@@......................................@@@@@@@@@.......................................
@........................@@@@@@@@@........................................................................@@@@.............................@@@@@@...................@@@@@@............@@@@@@@...................@@@@@@@@........................................
........................@@@@@@@@@@......................................................................@@@@@@@.@..........................@@@@@@@@.................@@@@@@............@@@@@@@@@@@@@........@@@@@@@@@@@@.........................................
.......................@@@@@@@@@@@@....................................................................@@@@@@@@@@@.........................@@@@@@@@@................@@@@@@............@@@@@@@@@@@@@........@@@@@@@@@@@@.........................................
......................@@@@@@@@@@@@@@....................................................................@@@@@@@@@@@........................@@@@@@@@@................@@@@@@............@@@@@@@@@@@@@........@@@@@@@@@@@..........................................
....................@@@@@@@@@@@@@@@@@....................................................................@@@@@@@@@@@.......................@@@@@@@@@................@@@@@@............@@@@@@@@@@@@@........@@@@@@@@@@@..........................................
...................@@@@@@@@@@@@@@@@@@@....................................................................@@@@@@@@@.............@@@@................................@@@.@@............@@@@@@@@@@@@.........@@@@@@@@@@@..........................................
..................@@@@@@@@@@@@@@@@@@@......................................................................@@@@@@@.....@@@@@@.@@@@@@..................................................@@@@@@@@@@@@.........@@@@@@@@@@@..........................................
.@...............@@@@@@@@@@@@@@@@@@@........................................................................@@@.@......@@@@@@@@@@@@@@.............@@@@@@@@..................................@@@@@@.........@@@@@@@@@@...........................................
@@@.............@@@@@@@@@@@@@@@@@@@..........................................................................@.........@@@@@@@@@@@@@@.............@@@@@@@@@@@@@@@@..............................................................................................
@@@@...........@@@@@@@@@@@@@@@@@@......................................................................................@@@@@@@@@@@@@@............@@@@@@@@@@@@@@@@@..............................................................................................
@@@@@.........@@@@@@@@@@@@@@@@@@.......................................................................................@@@@@@@@@@@@@@............@@@@@@@@@@@@@@@@@..............................................................................................
@@@@@@.......@@@@@@@@@@@@@@@@@@........................................................................................@@@@@@@@@@@@@.............@@@@@@@@@@@@@@@@@..............................................................................................
@@@@@@........@@@@@@@@@@@@@@@@.........................................................................................@@@@@@@@@@@@@.............@@@@@@@@@@@@@@@@@..............................................................................................
@@@@@@@........@@@@@@@@@@@@@@...............................................................................................@@@@@@................@@@@@@@@@@@@@@@@..............................................................................................
@@@@@@@@........@@@@@@@@@@@@......................................................................................................................@@@@@@@@@@@@@@@...............................................................................................
@@@@@@@@@........@@@@@@@@@@.....................................................................................................................................................................................................................................
@@@@@@@@@@........@@@@@@@.......................................................................................................................................................................................................................................
@@@@@@@@@@@........@@@@@........................................................................................................................................................................................................................................
.@@@@@@@@@@@........@@@.........................................................................................................................................................................................................................................
..@@@@@@@@@@@........@..........................................................................................................................................................................................................................................
...@@@@@@@@@@@.....................................@............................................................................................................................................................................................................
....@@@@@@@@@@....................................@@@...........................................................................................................................................................................................................
....@@@@@@@@@@@..................................@@@@@..........................................................................................................................................................................................................
.....@@@@@@@@@@@................................@@@@@@@.........................................................................................................................................................................................................
......@@@@@@@@@@@..............................@@@@@@@@@........................................................................................................................................................................................................
.......@@@@@@@@@@@............................@@@@@@@@@@@.......................................................................................................................................................................................................
........@@@@@@@@@............................@@@@@@@@@@@@@......................................................................................................................................................................................................
.........@@@@@@@...........................@@@@@@@@@@@@@@@@.....................................................................................................................................................................................................
.........@@@@@@...........................@@@@@@@@@@@@@@@@@@....................................................................................................................................................................................................
..........@@@............................@@@@@@@@@@.@@@@@@@@@...................................................................................................................................................................................................
...........@............................@@@@@@@@@@..@@@@@@@@@@..................................................................................................................................................................................................
@......................................@@@@@@@@@@....@@@@@@@@@@.................................................................................................................................................................................................
@@....................................@@@@@@@@@@......@@@@@@@@@@................................................................................................................................................................................................
@@...................................@@@@@@@@@@........@@@@@@@@@@...............................................................................................................................................................................................
@@@...................................@@@@@@@@..........@@@@@@@@@@..............................................................................................................................................................................................
@@@@...................................@@@@@@...........@@@@@@@@@@@.............................................................................................................................................................................................
@@@@...................................@@@@@.............@@@@@@@@@@@............................................................................................................................................................................................
@@@@@...................................@@@...............@@@@@@@@@@............................................................................................................................................................................................
@@@@....................................@@...............@@@@@@@@@@@@...........................................................................................................................................................................................
@@@....................................@@@................@@@@@@@@@@@@..........................................................................................................................................................................................
@@....................................@@@@@................@@@@@@@@@@@@........................@@@@@@@@@@@@@@@@@................................................................................................................................................
@......................................@@@@@..............@@@@@@@@@@@@@@.......................@@@@@@@@@@@@@@@@@@@@@@@@@@@@@@@@@@@@@@@@@@@@@@@@@@...............................................................................................................
...........................@............@@@@@............@@@@@@@@@@@@@@@@......................@@@@@@@@@@@@@@@@@@@@@@@@@@@@@@@@@@@@@@@@@@@@@@@@@@@@@@@@@@@@@@@@@@@..............................................................................................
..........................@@@...........@@@@@@..........@@@@@@@@@@@@@@@@@@.....................@@@@@@@@@@@@@@@@@@@@@@@@@@@@@@@@@@@@@@@@@@@@@@@@@@@@@@@@@@@@@@@@@@@..............................................................................................
.........................@@@@@...........@@@@@@.......@@@@@@@@@@@@@@@@@@@@@....................@@@@@@@@@@@@@@@@@@@@@@@@@@@@@@@@@@@@@@@@@@@@@@@@@@@@@@@@@@@@@@@@@@@..............................................................................................
........................@@@@@@@...........@@@@@@.....@@@@@@@@..@@@@@@@@@@@@@...................@@@@@@@@@@@@@@@@@@@@@@@@@@@@@@@@@@@@@@@@@@@@@@@@@@@@@@@@@@@@@@@@@@@..............................................................................................
.......................@@@@@@@@@...........@@@@.....@@@@@@@@.....@@@@@@@@@@@@...................@@@@@@@@@@@@@@@@@@@@@@@@@@@@@@@@@@@@@@@@@@@@@@@@@@@@@@@@@@@@@@@@@@..............................................................................................
......................@@@@@@@@@@@..........@@@.....@@@@@@@.........@@@@@@@@@@@...................@@@@@@@@@@@@@@@@@@@@@@@@@@@@@@@@@@@@@@@@@@@@@@@@@@@@@@@@@@@@@@@@@..............................................................................................
.....................@@@@@@@@@@@@@..........@.....@@@@@@@...........@@@@@@@@@@@...................@@@@@@@@@@@@@@@@@@@@@@@@@@@@@@@@@@@@@@@@@@@@@@@@@@@@@@@@@@@@@@@@..............................................................................................
....................@@@@@@@@@@@@@@@................@@@@@.............@@@@@@@@@@@...................@@@@@@@@@............................@@@@@@@...@@@@@@@@@@@@@@@@..............................................................................................
...................@@@@@@@@@@.@@@@@@................@@@@@.............@@@@@@@@@@@...................@@@@@@@@@...........................@@@@@.........@@@@@@@@@@@@..............................................................................................
.................@@@@@@@@@@@...@@@@@@................@@@@@.............@@@@@@@@@@@..................@@@@@@@@@@..........................@@@@@@@..........@@@@@@@@@..............................................................................................
................@@@@@@@@@@@......@@@..................@@@@@.............@@@@@@@@@@@..................@@@@@@@@@@.........................@@@@@@@..........@@@@@@@@@..............................................................................................
...............@@@@@@@@@@@........@...................@@@@@@...........@@@@@@@@@@@@@..................@@@@@@@@@@........................@@@@@@@..........@@@@@@@@...............................................................................................
..............@@@@@@@@@@........................@......@@@@@@...........@@@@@@@@@@@....................@@@@@@@@@@.......................@@@@@@@..........@@@@@@@@...............................................................................................
.............@@@@@@@@@@........................@@@......@@@@.............@@@@@@@@@......................@@@@@@@@@@............@....@.....................@@@@@@@@...............................................................................................
............@@@@@@@@@@........................@@@@@......@................@@@@@@@........................@@@@@@@@@@@.........@@@.@@@@....................@@@@@@@@...............................................................................................
...........@@@@@@@@@@........................@@@@@@........................@@@@@..........................@@@@@@@@@@@.......@@@@@@@@@@...................@@@@@@@@...............................................................................................
..........@@@@@@@@@@........................@@@@@@@@........................@@@............................@@@@@@@@@@@....@@@@@@@@@@@@@..................@@@@@@@@................@@@@@..........................................................................
.........@@@@@@@@@@@@......................@@@@@@@@@@........................@.........@....................@@@@@@@@@@...@@@@@@@@@@@@@@@................@@@@@@@@@................@@@@@@@@@@@........@@@@@@@@@@@@@@@@@@@@........................................
........@@@@@@@@@@@@@@......................@@@@@@@@@@................................@@@....................@@@@@@@@@@.@@@@@@@@@@@@@@@@@@..............@@@@@@@@@................@@@@@@@@@@@........@@@@@@@@@@@@@@@@@@@@...@@@@@@@@@@@@@@@......................
.......@@@@@@@@@@@@@@@@.........@............@@@@@@@@@@..............................@@@@@....................@@@@@@@@@@@@@@@@@@@@@@@@@@@@@.............@@@@@@@@@................@@@@@@@@@@@........@@@@@@@@@@@@@@@@@@@@...@@@@@@@@@@@@@@@......................
......@@@@@@@@@@@@@@@@@@.......@@@............@@@@@@@@@.........@...................@@@@@@@...................@@@@@@@@@@@@@@@@@@@@@@@@@@@@@@............@@@@@@@@@................@@@@@@@@@@@........@@@@@@@@@@@@@@@@@@@@...@@@@@@@@@@@@@@@......................
.....@@@@@@@@@@@@@@@@@@@@.....@@@@@............@@@@@@@@@.......@@@................@@@@@@@@@@...................@@@@@@@@@@@@@@@@@@.@@@@@@@@@@@...........@@@@@@@@@................@@@@@@@@@@@........@@@@@@@@@@@@@@@@@@@@...@@@@@@@@@@@@@@@......................
....@@@@@@@@@@.@@@@@@@@@.....@@@@@@.............@@@@@@@@@....@@@@@@..............@@@@@@@@@@@@...................@@@@@@@@@@@@@@@@...@@@@@@@@@@@...................................@@@@@@@@@@@........@@@@@@@@@@@@@@@@@@@@@@@@@@@@@@@@@@@@@@......................
...@@@@@@@@@@...@@@@@@@.....@@@@@@@@.............@@@@@@@....@@@@@@@.............@@@@@@@@@@@@@@...................@@@@@@@@@@@@@@@....@@@@@@@@@......................................@@@@@@@..........@@@@@@@@@@@@@@@@@@@@@@@@@@@@@@@@@@@@@@......................
..@@@@@@@@.@.....@@@@@.......@@@@@@@@.............@@@@@......@@@@@@@...........@@@@@@@@@@@@@@@@...................@@@@@@@@@@@@@......@@@@@@@.......................................@@@@@@@@.........@@@@@@@@@@@@@@@@@@@@@@@@@@@@@@@@@@@@@@......................
.@@@@@@@@.........@@@.........@@@@@@@@.............@@@@@......@@@@@@@.........@@@@@@@@@@@@@@@@@@...................@@@@@@@@@@@........@@@@@........................................@@@@@@@@.........@@@@@@@@@@@@@@@@@@@@@@@@@@@@@@@@@@@@@@......................
@@@@@@@@...........@..........@@@@@@@@@.............@@@@@......@@@@@.........@@@@@@@@@@.@@@@@@@@....................@@@@@@@@@@@......@@@@@.........................................@@@@@@@@...................@@@@@@@@@@@@@@@@@@@@@@@@@@@@......................
@@@@@@@@@......................@@@@@@@@..............@@@@.......@@@...........@@@@@@@@...@@@@@@@@....................@@@@@@@@@@@......@@@..........................................@@@@@@@@...........................@@@@@@@@@@@@@@@@@@@@......................
@@@@@@@@@@......................@@@@@@@@.............@@@@@.......@.............@@@@@@.....@@@@@@@@....................@@@@@@@@@@@......@..........................................@@@@@@@@@...........................@@@@@@@@@@@@@@@@@@........................
@@@@@@@@@@.......................@@@@@@@@.............@@@@@.....................@@@........@@@@@@@@....................@@@@@@@@@@.................................................@@@@@@@@@@........................@@@@@@@@@@@@@@@@@@@@........................
@@@@@@@@@@@......................@@@@@@@@@...........@@@@@@@.................@...@..........@@@@@@@@....................@@@@@@@@@@................................................@@@@@@@@@@......................@@@@@@@@@@@@@@@@@@@@@@........................
@@@@@.@@@@@@......................@@@@@@@@@.........@@@@@@@@................@@@..............@@@@@@@@....................@@@@@@@@@@...............................................@@@@@@@@@@.....................@@@@@@@@@@@@@@@@@@@@@@@@.......................
@@@@...@@@@@@......................@@@@@@@@@......@@@@@@@@@@@.............@@@@@...............@@@@@@@@...................@@@@@@@@@@@..............................................@@@@@@@@@@.....................@@@@@@@@@@@@@@@@@@@@@@@@.......................
@@@.....@@@@........................@@@@@@@@.....@@@@@@@@@@@.............@@@@@@@...............@@@@@@@@...................@@@@@@@@@..............................................@@@@@@@@@@@....................@@@@@@@@@@@@@@@@@@@@@@@@@.......................
@@.......@..........................@@@@@@@@@...@@@@@@@@@@@.............@@@@@@@@@.............@@@@@@@@@@...................@@@@@@@...............................................@@@@@@@@@@@..................@@@@@@@@@@@@@@@@@@@@@@@@@@@.......................
@....................................@@@@@@@@@.@@@@@@@@@@@...............@@@@@@@...............@@@@@@@@@@...................@@@@@............@@@@@...............................@@@@@@@@@@@...................@@@@@@@@@@@@@@@@@@@@@@@@@@.......................
@@....................................@@@@@@@T@@@@@@@@@@@............@....@@@@@.................@@@@@@@@@@...................@@@.............@@@@@@@@@@..........................@@@@@@@@@@@...................@@@@@@@@@@@@@@@@@@@@@@@@@@.......................
@@...................................@@@@@@TT@@@@@@@@@@@............@@@...@@@....................@@@@@@@@@@...................@..............@@@@@@@@@@.........................................................@@@@@@@@@@@@@@@@@@@@@@@@@....................@@@
@@@................................@@@@@@@TTT@@@@@@@@@@............@@@@@...@......................@@@@@@@@@@.................................@@@@@@@@@@...@@@@@@@@@.............................................@@@@@@@@@@@@@@@@@@@@@@@@.....................@@@
@@@@..............................@@@@@@@@@T@@@@@@@@@@............@@@@@@...........................@@@@@@@@@@................................@@@@@@@@@@...@@@@@@@@@..............................................@@@@@@@@@@@@@@@@@@@@@@@.....................@@@
@@@@@.........@..................@@@@@@@@@@@@@@@@@@@@...........@@@@@@@@@...........................@@@@@@@@@@...............................@@@@@@@@@@...@@@@@@@@@..............................................@@@@@@@@@@@@@@@@@@@@@@@.....................@@@
@@@@@........@@@................@@@@@@@@@@@@@@@@@@@@...........@@@@@@@@@@@...........................@@@@@@@@@@..............................@@@@@@@@@@@..@@@@@@@@@...............................................@@@@@@@@@@@@@@@@@@@@@@.....................@@@
@@@@@@.....@@@@@@..............@@@@@@@@@@@@@@@@@@@@...........@@@@@@@@@@@@@.........................@@@@@@@@@@@@.............................@@@@@@@@@@@@@@@@@@@@@@...............................................@@@@@@@@@@@@@@@@@@@@@@.....................@@@
@@@@@@@...@@@@@@@@...........@@@@@@@@@@@@.@@@@@@@@...........@@@@@@@@@@@@@@.................@......@@@@@@@@@@@@@.............................@@@@@@@@@@@@@@@@@@@@@@................................................@@@@@@@@@@@@@@@@@@@@@........................
@@@@@@@@...@@@@@@@@.........@@@@@@@@@@@@...@@@@@............@@@@@@@@@@@.@@@@...............@@@....@@@@@@@@@@@@@@@............................@@@@@@@@@@@@@@@@@@@@@@................................................@@@@@@@@@@@@@@@@@@@@@........................
@@@@@@@@....@@@@@@@........@@@@@@@@@@@@.....@@@............@@@@@@@@@@@..@@@@@..............@@@@..@@@@@@@@@@@@@@@@@............................@@@@@@@@@@@@@@@@@@@@@.................................................@@@@@@@...@@@@@@@@@@........................
@@@@@@@@@.@@@@@@@@@@......@@@@@@@@@@@........@............@@@@@@@@@@@....@@@..............@@@@@.@@@@@@@@@@@@@@@@@@@...........................@@@@@@@@@@@@@@@@@@@@@.............................................................................................
.@@@@@@@@@@@@@@@@@@@@...@@@@@@@@@@@@....................@@@@@@@@@@@@......@................@@@@@@@@@@@@@@@@@@@@@@@@@..........................@@@@@@@@...@@@@@@@@@@.............................................................................................
..@@@@@@@@@@@@@@@@@@@@.@@@@@@@@@@@@....................@@@@@@@@@@@@.........................@@@@@@@@@@@@@@@@@@@@@@@@@.........................@@@@@@@@...@@@@@@@@@@.............................................................................................
...@@@@@@@@@@@@@@@@@@@@@@@@@@@@@@@....................@@@@@@@@@@@@....................@.....@@@@@@@@@@@@@@@@@@@@@@@@@@..........................@@@@@@....@@@@@@@@@.............................................................................................
....@@@@@@@@@@@@@@@@@@@@@@@@@@@@@....................@@@@@@@@@@@@....................@@@.....@@@@@@@@@@@@@@@@@@@@@@@@@@...................................@@@@@@@@@..............................................................@@@@@@@........................
....@@@@@@@@@.@@@@@@@@@@@@@@@@@@....................@@@@@@@@@@@@....................@@@@@.....@@@@@@@@@@@@@@@@@@@@@@@@@@..................................@@@@@@@..............................@@@@@@@@..........................@@@@@@@........................
.....@@@@@@@...@@@@@@@@@@@@@@@@....................@@@@@@@@@@@@......@.............@@@@@@...@@@@@@@@@@@@@@@@@@@@@@@@@@@.................................@@@@@@@@@..............................@@@@@@@@@@@@@@@@@.................@@@@@@@........................
......@@@@@.....@@@@@@@@@@@@@.....................@@@@@@@@@@@@......@@@...........@@@@@@@@.@@@@@@@@@@@@@@@@@@@@@@@@@@@.................................@@@@@@@@@@..............................@@@@@@@@@@@@@@@@@@@@@@@@@@........@@@@@@@........................
.......@@@.......@@@@@@@@@@@.....................@@@@@@@@@@@@......@@@@@.........@@@@@@@@@@@@@@@@@@@@@@@@@@@@@@@@@@@@..................................@@@@@@@@@@..............................@@@@@@@@@@@@@@@@@@@@@@@@@@.......@@@@@@@@........................
........@.........@@@@@@@@@....................@@@@@@@@@@@@@......@@@@@@@.........@@@@@@@@@@@@@@@@@@@@@@@@@@@@@@@@@@...................................@@@@@@@@@@..............................@@@@@@@@@@@@@@@@@@@@@@@@@@.......@@@@@@@@........................
...................@@@@@@@@@..................@@@@@@@@@@@@@......@@@@@@@@@.........@@@@@@@@@@@@@@@@@@@@@@@@@@@@@@@@.........@..........................@@@@@@@@@@..............................@@@@@@@@@@@@@@@@@@@@@@@@@@.......@@@@@@@@........................
....................@@@@@@@@@................@@@@@@@@@@@@@.....@@@@@@@@@@@@.......@@@@@@@@@@@@@@@@@.@@@@@@@@@@@@@@.........@@@........................@@@@@@@@@@@..............................@@@@@@@@@@@@@@@@@@@@@@@@@@.....@@@@@@@@@@........................
.....................@@@@@@@@...............@@@@@@@@@@@@......@@@@@@@@@@@@........@@@@@@@@@@@@@@@@...@@@@@@@@@@@..........@@@@@.......................@@@@@@@@@@@..............................@@@@@@@@@@@@@@@@@@@@@@@@@@.....@@@@@@@@@.........................
......................@@@@@@@@.............@@@@@@@@@@@@......@@@@@@@@@@@@........@@@@@@@@@@@@@@@@@@...@@@@@@@@@.........@@@@@@@@.......................@@@@@@@@@@...............................@@@@@@@@@@@@@@@@@@@@@@@@@.....@@@@@@@@@.........................
.....................@@@@@@@@@@...........@@@@@@@@@@@@......@@@@@@@@@@@@..........@@@@@@@@@@@@@@@@@@...@@@@@@@.........@@@@@@@@@@.........................@@@@@@@......................................@@@@@@@@@@@@@@@@@@.....@@@@@@@@@.........................
@...................@@@@@@@@@@...........@@@@@@@@@@@@......@@@@@@@@@@@@............@@@@@@@@@@@@@@@@.....@@@@@.........@@@@@@@@@@@............................@@@@............................................@@@@@@@@@@@@.......@@@@@@@.........................
@@.................@@@@@@@@@@...........@@@@@@@@@@@@......@@@@@@@@@@@@............@@@@@@@@@@@@@@@@.......@@@.........@@@@@@@@@@@@@...........................................................................@@@@@@@@@@@@.......@@@@@@@.........................
@@@...............@@@@@@@@@@..........@@@@@@@@@@@@@......@@@@@@@@@@@@............@@@@@@@@@@@@@@@@.........@...........@@@@@@@@@@@@@...........................................................................@@@@@@@@@@@.......@@@@@@@.........................
@@@@.............@@@@@@@@@@..........@@@@@@@@@@@@@......@@@@@@@@@@@@............@@@@@@@@@@@@@@@@.......................@@@@@@@@@@@@@............................................................................................@@@@@@@.........................
@@@@@...........@@@@@@@@@...........@@@@@@@@@@@@@......@@@@@@@@@@@@............@@@@@@@@@@@@@@@@@@.......................@@@@@@@@@@@.............................................................................................@@@@@@@.........................
@@@@@@...........@@@@@@@...........@@@@@@@@@@@@@@@....@@@@@@@@@@@@..............@@@@@@@@@@@@@@@@@........................@@@@@@@@@@@............................................................................................@@@@@@@.........................
@@@@@@@...........@@@@@...........@@@@@@@@@@@@@@@....@@@@@@@@@@@@.....@.........@@@@@@@@@@@@@@@@@@........................@@@@@@@@@@@...........................................................................................................................
@@@@@@@@...........@@@...........@@@@@@@@@@@@@@@...@@@@@@@@@@@@@.....@@@.........@@@@@@@@@@@@@@@@..........................@@@@@@@@@............................................................................................................................
@@@@@@@@@...........@...........@@@@@@@@@@@@@@....@@@@@@@@@@@@@.....@@@@@......@@@@@@@@@@@@@@@@.............................@@@@@@@@@...........................................................................................................................
@@@@@@@@@@....................@@@@@@@@@@@@@@@....@@@@@@@@@@@@@.....@@@@@@@....@@@@@@@@@@@@@@@@@@.............................@@@@@@@@@..........................................................................................................................
@@@@@@@@@@...................@@@@@@@@@@@@@@@....@@@@@@@@@@@@@.....@@@@@@@@@....@@@@@@@@@@@@@@@@@@...........................@@@@@@@@@@...@......................................................................................................................
@T@@@@@@@@@.................@@@@@@@@@@@@@@.....@@@@@@@@@@@@@.....@@@@@@@@@@.....@@@@@@@@@@@@@@@@...........................@@@@@@@@@@@@.@@@.....................................................................................................................
TT@@@@@@@@@@...............@@@@@@@@@@@@@@.....@@@@@@@@@@@@@.....@@@@@@@@@@@@...@@@@@@@.@@@@@@@@...........................@@@@@@@@@@@@@@@@@@.................................................................................@@@@@@@@...........................
TTT@@@@@@@@@@.............@@@@@@@@@@@@@........@@@@@@@@@@@.....@@@@@@@@@@@@@@.@@@@@@@...@@@@@@...........................@@@@@@@@@@@@@@@@@@@@...............................................................................@@@@@@@@@@..........................
TTT@@@@@@@@@@@.............@@@@@@@@@@@@.........@@@@@@@@@.......@@@@@@@@@@@@@@@@@@@@......@@@..........................@@@@@@@@@@@@@@@@@@@@@@@..............................................................................@@@@@@@@@@..........................
TTTT@@@@@@@@@@@.............@@@@@@@@@@@@.........@@@@@@@.........@@@@@@@@@@@@@@@@@@@@......@..........................@@@@@@@@@@@@@@@@@@@@@@@@@.............................................................................@@@@@@@@@@..........................
TTT@@@@@@@@@@@...............@@@@@@@@@@@@.........@@@@@...........@@@@@@@@@@@@@@@@@@@@...............................@@@@@@@@@@@@@@.@@@@@@@@@@@.............................................................................@@@@@@@@@@..........................
TT@@@@@@@@@@@.................@@@@@@@@@@@@.........@@@.............@@@@@@@@@@@@@@@@@@@@.............................@@@@@@@@@@@@@@...@@@@@@@@@@@............................................................................@@@@@@@@@@..........................
T@@@@@@@@@@@...................@@@@@@@@@@@@.........@.......@.......@@.@@@@@@@@@@@@@@@@@...........@@..............@@@@@@@@@@@@@@.....@@@@@@@@@@@...........................................................................@@@@@@@@@@..........................
@@@@@@@@@@@.....................@@@@@@@@@@@...............@@@@..........@@@@@@@@@@@@@@@...........@@@@@...........@@@@@@@@@@@@@@.....@@@@@@@@@@@@@..........................................................................@@@@@@@@@@..........................
@@@@@@@@@@.........@.............@@@@@@@@@@@.............@@@@@@..........@@@@@@@@@@@@@...........@@@@@@@@........@@@@@@@@@@@@@@.......@@@@@@@@@@@@@.........................................................................@@@@@@@@@@..........................
@@@@@@@@@.........@@@.............@@@@@@@@@@@............@@@@@@@........@@@@@@@@@@@@@..........@@@@@@@@@@........@@@@@@@@@@@@@.........@@@@@@@@@@@..........................................................................@@@@@@@@@@..........................
@@@@@@@@.........@@@@@............@@@@@@@@@@@@............@@@@@@......@@@@@@@@@@@@@@..........@@@@@@@@@@@@........@@@@@@@@@@@...........@@@@@@@@@...........................................................................@@@@@@@@@@..........................
@@@@@@..........@@@@@@@............@@@@@@@@@@............@@@@@@@@....@@@@@@@@@@@@@@..........@@@@@@@@@@@@@........@@@@@@@@@@.............@@@@@@@........................................................@....................@@@@@@@@@..........................
@@@@@..........@@@@@@@@@............@@@@@@@@@@..........@@@@@@@@@@..@@@@@@@@@@@@@@..........@@@@@@@@@@@@@@........@@@@@@@@@...............@@@@@........................................................@@@................................................@@@@@@
@@@@..........@@@@@@@@@@@............@@@@@@@@@@........@@@@@@@@@@....@@@@@@@@@@@...........@@@@@@@@@@@@@@@........@@@@@@@@.................@@@..@...................................@@@@@.............@@@@@...............................................@@@@@@
@@@..........@@@@@@@@@@@@@............@@@@@@@@@@......@@@@@@@@@@....@@@@@@@@@@@............@@@@@@@@@@@@@@@@........@@@@@@...................@..@@@................................@@@@@@@@...........@@@@@@@..............................................@@@@@@
@@..........@@@@@@@@@@@@@@@............@@@@@@@@@@......@@@@@@@@....@@@@@@@@@@@.............@@@@@@@@@@@@@@@@........@@@........................@@@@@..............................@@@@@@@@@@........@@@@@@@@@..............@@@@@@@@@@@.....................@@@@@@
@..........@@@@@@@@@@@@@@@@.............@@@@@@@@@@......@@@@@.....@@@@@@@@@@@...........@.@@@@@@@@@@@@@@@@@..................................@@@@@@@............................@@@@@@@@@@@@@.....@@@@@@@@@@..............@@@@@@@@@@@.....................@@@@@@
..........@@@@@@@@.@@@@@@@@@.............@@@@@@@@@@......@@@.....@@@@@@@@@@@.......................@@@@@@@@.................................@@@@@@@@.............................@@@@@@@@@@@@@...@@@@@@@@@@@..............@@@@@@@@@@@.....................@@@@@@
.........@@@@@@@@..@@@@@@@@@@.............@@@@@@@@@.......@......@@@@@@@@@@...........@@@@@@@@@@@..@@@@@@@@@..............................@@@@@@@@@...............................@@@@@@@@@@@@@.@@@@@@@@@@@...............@@@@@@@@@@@.....................@@@@@@
........@@@@@@@@....@@@@@@@@@@.............@@@@@@@@@............@@@@@@@@@@@@.........@@@@@@@@@@...@@@@@@@@@@.............................@@@@@@@@@@@...............................@@@@@@@@@@@@@@@@@@@.@@@@...............@@@@@@@@@@@.....................@@@@@@
.......@@@@@@@@......@@@@@@@@@@.............@@@@@@@@@..........@@@@@@@@@@@@.......................@@@@@@@@@@............................@@@@@@@@@@@@@...............................@@@@@@@@@@@@@@@@@....@...............@@@@@@@@@@@@.....................@@@@@@
......@@@@@@@@@@......@.@@@@@@@@.............@@@@@@@@@........@@@@@@@@@@@@.........@@@@@@@@@@....@@@@@@@@@@@...........................@@@@@@@@@@@@@.................................@@@@@@@@@@@@@@@.....................@@@@@@@@@@@@.....................@@@@@@
....@@@@@@@@@@@@@........@@@@@@@@.............@@@@@@@@@......@@@@@@@@@@@@........@@@@@@@@@@@@@...@@@@@@@@@@@..........................@@@@@@@@@@@@@...................................@@@@@@@.@@@@@......................@@@@@@@@@@@@.....................@@@@@@
...@@@@@@@@@@@@@@@.......@@@@@@@@@.............@@@@@@@@@.....@@@@@@@@@@.........@@@@@@@@@@@@@@@...@@@@@@@@@@@........................@@@@@@@@@@@@@.....................................@@@@@...@@@.......................@@@@@@@@@@@@.....................@@@@@@
..@@@@@@@@@.@@@@@@@.......@@@@@@@@@.............@@@@@@@@@..@@@@@@@@@@@.........@@@@@@@@@@@@@@@....@@@@@@@@@@@.......................@@@@@@@@@@@@@.......................................@@@.....@........................@@@@@@@@@@@@.....................@@@@@@
...@@@@@@@...@@@@@@@.......@@@@@@@@@.............@@@@@@@..@@@@@@@@@@@.........@@@@@@@@@@@@@@@....@@@@@@@@@@@@......................@@@@@@@@@@@@@.........................................@...............................@@@@@@@@@@@@.....................@@@@@@
....@@@@@@.@..@@@@@@@.......@@@@@@@@@............@@@@@@@@@@@@@@@@@@@.........@@@@@@@@@@@@@@@.....@@@@@@@@@@@@.....................@@@@@@@@@@@@@...........................................................................................................@@@@@@
.....@@@@@@@@..@@@@@@@......@@@@@@@@@@............@@@@@@@@@@@@@@@@@.........@@@@@@@@@@@@@@@.......@@@@@@@@@......................@@@@@@@@@@@@@............................................................................................................@@@@@@
.....@@@@@@@@@..@@@@@@@......@@@@@@@@@@............@@@@@@@@@@@@@@..........@@@@@@@@@@@@@@@........@@@@@@@@......................@@@@@@@@@@@@@.............................................................................................................@@@@@@
......@@@@@@@@@..@@@@@@@............................@@@@@@@@@@@@..........@@@@@@@@@@@@@@@..........@@@@@@@....................@@@@@@@@@@@@@@........................................................@.....................................................@@@@@@
.......@@@@@@@@@.@@@@@@@@.@@@........................@@@@@@@@@@..........@@@@@@@@@@@@@@@...........@@@@@@@@..................@@@@@@@@@@@@@@........................................................@@@....................................................@@@@@@
........@@@@@@@@..@@@@@@@@@@@@..@@@@@@@@@@............@@@@@@@@..........@@@@@@@@@@@@@@.............@@@@@@@@.................@@@@@@@@@@@@@.........................................................@@@@@@..........@@@@@@@@@@@@@@@@@.......................@@@@@@
.........@@@@@@@@..@@@@@@@@@@....@@@@@@@@@.............@@@@@@..........@@@@@@@@@@@@@@..............@@@@@@@@................@@@@@@@@@@@@@.........................................................@@@@@@@@.........@@@@@@@@@@@@@@@@@.......................@@@@@@
..........@@@@@@@@..@@@@@@@@......@@@@@@@@@.............@@@...........@@@@@@@@@@@@@@................@@@@@@@...............@@@@@@@@@@@@@...........................................................@@@@@@@@........@@@@@@@@@@@@@@@@@.......................@@@@@@
...........@@@@@@@@..@@@@@@........@@@@@@@@@.............@..........@@@@@@@@@@@@@@@.................@@@@@@@..............@@@@@@@@@@@@@.............................................................@@@@@@..@.....@@@@@@@@@@@@@@@@@@.......................@@@@@@
@...........@@@@@@@@..@@@..........@@@@@@@@@@......................@@@@@@@@@.@@@@@..................@@@@@@@@..............@@@@@@@@@@@...............................................................@@@...@@@....@@@@@@@@@@@@@@@@@@.......................@@@@@@
@...........@@@@@@@@@..@............@@@@@@@@@@....................@@@@@@@@@...@@@....................@@@@@@@...............@@@@@@@@@.................................................................@..@@@@@@...@@@@@@@@@@@@@@@@@@.......................@@@@@@
@@...........@@@@@@@@@...............@@@@@@@@@@..................@@@@@@@@......@....................@@@@@@@@................@@@@@@@....................................................................@@@@@@@.@@@@@@@@@@@@@@@@@@@@.......................@@@@@@
@@@...........@@@@@@@@@...............@@@@@@@@@@................@@@@@@@@............................@@@@@@@@.................@@@@@....................................................................@@@@@@@@@@@@@@@@@@@@@@@@@@@@@.......................@@@@@@
@@@@...........@@@@@@@@@...............@@@@@@@@@@..............@@@@@@@@@@............................@@@@@@@@.................@@@....................................................................@@@@@@@@@@@@@@@@@.......@@@@@@.......................@@@@@@
@@@@@...........@@@@@@@@@...............@@@@@@@@@@............@@@@@@@@@@@@...................@@@@....@@@@@@@@..................@......................................................................@@@@@@@@@@@@@@@.....................................@@@@@@
@@@@@@...........@@@@@@@@................@@@@@@@@@@............@@@@@@@@@@@............@@@@@@@@@@@....@@@@@@@@.................................................................@........................@@@@@@@@@@@@..........@@@..........................@@@@@@
@@@@@@@.........@@@@@@@@@@................@@@@@@@@@@............@@@@@@@@@@@.......@@@@@@@@@@@@@@@@...@@@@@@@@...............................................................@@@@........................@@@@@@@@@@...........@@@@.........................@@@@@@
@@@@@@@@.........@@@@@@@@@@................@@@@@@@@..............@@@@@@@@@@@......@@@@@@@@@@@@@@@@....@@@@@@@.............................................@@...............@@@@@@.......................@@@@@@@@@@@.........@@@@@@........................@@@@@@
@@@@@@@@..........@@@@@@@@@@..............@@@@@@@@................@@@@@@@@@@@.....@@@@@@@@@@@@@@@@@...@@@.@@@@..........................................@@@@@............@@@@@@@@@.......................@@@@@@@@@@@.........@@@@.........................@@@@@@
@@@@@@@@@..........@@@@@@@@@@...........@@@@@@@@@..................@@@@@@@@@@.....@@@@@@@@@@@@@@@@@.......@@@@.@@@....................................@@@@@@@@..........@@@@@@@@@@@.......................@@@@@@@@@@@.........@@@.........................@@@@@@
@@@@@@@@@@...........@@@@@@@@@.......@.@@@@@@@@@...................@@@@@@@@@@@....@@@@@@@@@@@@@@@@@@.......@@@@@@@..................................@@@@@@@@@@@..........@@@@@@@@@@@.......................@@@@@@@@@@@.........@..............................@@
@@@@@@@@@@@...........@@@@@@@@@.....@@@@@@@@@@@.....................@@@@@@@@@@@....@@@@@@@@@@@@@@@@@.......@@@@@@@.................................@@@@@@@@@@@@@..........@@@@@@@@@@@.......................@@@@@@@@@@@.........................................
