type octile
height 256
width 256
map
............@@@.................................................................................................................................................@@@@@@@@@@@@@@@@@@@@@@@@@@@@....................................................................
...........@@@@@@..............................................................................................................................................@@@@@@@@@@@@@@@@@@@@@@@@@@@@@....................................................................
..........@@@@@@@@...........................................................................................................................................@@@@@@@@@@@@@@@@@@@@@@@@@@@@@@@@...................................................................
.........@@@@@@@@@@.........................................................................................................................................@@@@@@@@@@@@@@@@@@@@@@@@@@@@@@@@@@..................................................................
........@@@@@@@@@@.........................................................................................................................................@@@@@@@@@@@@@@@@@@@@@@@@@@@@@@@@@@@@.................................................................
.......@@@@@@@@@@@........................................................................................................................................@@@@@@@@@@@@@@@@@@@@@@@@@@@@@@@@@@@@@.................................................................
......@@@@@@@@@@@.......................................................................................................................................@@@@@@@@@@@@@@@@@@@@@@@@@@@@@@@@@@@@@@@@................................................................
.....@@@@@@@@.@@@......................................................................................................................................@@@@@@@@@@@@@@@@@@@@@@@@@@@@@@@@@@@@@@@@@@...............................................................
....@@@@@@@@...@......................................................................................................................................@@@@@@@@@@@@@@@@@@@@@@@@@@@@@@@@@@@@@@@@@@@@..............................................................
.....@@@@@@@........................................................................................................................................@@@@@@@@@@@@@@@@@@@@@@@@@@@@@@@@@@@@@@@@@@@@@@..............................................................
......@@@@@........................................................................................................................................@@@@@@@@@@@@@@@@@@@@@@@@@@@@@@@@@@@@@@@@@@@@@@@@.............................................................
.......@@@........................................................................................................................................@@@@@@@@@@@@@@@@@@@@@@@@@@@@@@@@@@@@@@@@@@@@@@@@@@............................................................
........@........................................................................................................................................@@@@@@@@@@@@@@@@@@@@@@@@@@@@@@@@@@@@@@@@@@@@@@@@@@@@..........................................................@
...............................................................................................................................................@@@@@@@@@@@@@@@@@@@@@@@@@@@@@@@@@@@@@@@@@@@@@@@@@@@@@@.........................................................@@
..............................................................................................................................................@@@@@@@@@@@@@@@@@@@@@@@@@@@@@@@@@@@@@@@@@@@@@@@@@@@@@@@@.......................................................@@@
.............................................................................................................................................@@@@@@@@@@@@@@@@@@@@@@@@@@@@@@@@@@@@@@@@@@@@@@@@@@@@@@@@@@....................................................@@@@@
...........................................................................................................................................@@@@@@@@@@@@@@@@@@@@@@@@@@@@@@@@@@@@@@@@@@@@@@@@@@@@@@@@@@@@@..................................................@@@@@@
..........................................................................................................................................@@@@@@@@@@@@@@@@@@@@@@@@@@@@@@@@@@@@@@@@@@@@@@@@@@@@@@@@@@@@@@.................................................@@@@@@@
.........................................................................................................................................@@@@@@@@@@@@@@@@@@@@@@@@@@@@@@@@@@@@@@@@@@@@@@@@@@@@@@@@@@@@@@@@..............................................@@@@@@@@@
........................................................................................................................................@@@@@@@@@@@@@@@@@@@@@@@@@@@@@@@@@@@@@@@@@@@@@@@@@@@@@@@@@@@@@@@@..............................................@@@@@@@@@@
......................................................................................................................................@@@@@@@@@@@@@@@@@@@@@@@@@@@@@@@@@@@@@@@@@@@@@@@@@@@@@@@@@@@@@@@@.................................................@@@@@@@@@
.....................................................................................................................................@@@@@@@@@@@@@@@@@@@@@@@@@@@@@@@@@@@@@@@@@@@@@@@@@@@@@@@@@@@@@@@@.................................................@@@@@@@@@@
....................................................................................................................................@@@@@@@@@@@@@@@@@@@@@@@@@@@@@@@@@@@@@@@@@@@@@@@@@@@@@@@@@@@@@@@@................................................@@@@@@@@@@@@
..................................................................................................................................@@@@@@@@@@@@@@@@@@@@@@@@@@@@@@@@@@@@@@@@@@@@@@@@@@@@@@@@@@@@@@@@.................................................@@@@@@@@@@@@@
.................................................................................................................................@@@@@@@@@@@@@@@@@@@@@@@@@@@@@@@@@@@@@@@@@@@@@@@@@@@@@@@@@@@@@@@@.................................................@@@@@@@@@@@@@@
................................................................................................................................@@@@@@@@@@@@@@@@@@@@@@@@@@@@@@@@@@@@@@@@@@@@@@@@@@@@@@@@@@@@@@@..................................................@@@@@@@@@@@@@@@
..............................................................................................................................@@@@@@@@@@@@@@@@@@@@@@@@@@@@@@@@@@@@@@@@@@@@@@@@@@@@@@@@@@@@@@@@.................................................@@@@@@@@@@@@@@@@@
.............................................................................................................................@@@@@@@@@@@@@@@@@@@@@@@@@@@@@@@@@@@@@@@@@@@@@@@@@@@@@@@@@@@@@@@@.................................................@@@@@@@@@@@@@@@@@@
............................................................................................................................@@@@@@@@@@@@@@@@@@@@@@@@@@@@@@@@@@@@@@@@@@@@@@@@@@@@@@@@@@@@@@@@.................................................@@@@@@@@@@@@@@@@@@@
...........................................................................................................................@@@@@@@@@@@@@@@@@@@@@@@@@@@@@@@@@@@@@@@@@@@@@@@@@@@@@@@@@@@@@@@..................................................@@@@@@@@@@@@@@@@@@@@
.........................................................................................................................@@@@@@@@@@@@@@@@@@@@@@@@@@@@@@@@@@@@@@@@@@@@@@@@@@@@@@@@@@@@@@@@.................................................@@@@@@@@@@@@@@@@@@@@@@
........................................................................................................................@@@@@@@@@@@@@@@@@@@@@@@@@@@@@@@@@@@@@@@@@@@@@@@@@@@@@@@@@@@@@@@@.................................................@@@@@@@@@@@@@@@@@@@@@@@
.......................................................................................................................@@@@@@@@@@@@@@@@@@@@@@@@@@@@@@@@@@@@@@@@@@@@@@@@@@@@@@@@@@@@@@@@.................................................@@@@@@@@@@@@@@@@@@@@@@@@
.....................................................................................................................@@@@@@@@@@@@@@@@@@@@@@@@@@@@@@@@@@@@@@@@@@@@@@@@@@@@@@@@@@@@@@@@@.................................................@@@@@@@@@@@@@@@@@@@@@@@@@
....................................................................................................................@@@@@@@@@@@@@@@@@@@@@@@@@@@@@@@@@@@@@@@@@@@@@@@@@@@@@@@@@@@@@@@@.................................................@@@@@@@@@@@@@@@@@@@@@@@@@@@
@@@@@..............................................................................................................@@@@@@@@@@@@@@@@@@@@@@@@@@@@@@@@@@@@@@@@@@@@@@@@@@@@@@@@@@@@@@@@.................................................@@@@@@@@@@@@@@@@@@@@@@@@@@@@
@@@@@@..............................................................................................................@@@@@@@@@@@@@@@@@@@@@@@@@@@@@@@@@@@@@@@@@@@@@@@@@@@@@@@@@@@@@@.................................................@@@@@@@@@@@@@@@@@@@@@@@@@@@@@
@@@@@@@..............................................................................................................@@@@@@@@@@@@@@@@@@@@@@@@@@@@@@@@@@@@@@@@@@@@@@@@@@@@@@@@@@@@.................................................@@@@@@@@@@@@@@@@@@@@@@@@@@@@@@
@@@@@@@@@.............................................................................................................@@@@@@@@@@@@@@@@@@@@@@@@@@@@@@@@@@@@@@@@@@@@@@@@@@@@@@@@@@................................................@@@@@@@@@@@@@@@@@@@@@@@@@@@@@@@@
@@@@@@@@@@............................................................................................................@@@@@@@@@@@@@@@@@@@@@@@@@@@@@@@@@@@@@@@@@@@@@@@@@@@@@@@@.................................................@@@@@@@@@@@@@@@@@@@@@@@@@@@@@@@@@
@@@@@@@@@@@............................................................................................................@@@@@@@@@@@@@@@@@@@@@@@@@@@@@@@@@@@@@@@@@@@@@@@@@@@@@@.................................................@@@@@@@@@@@@@@@@@@@@@@@@@@@@@@@@@@
@@@@@@@@@@@@............................................................................................................@@@@@@@@@@@@@@@@@@@@@@@@@@@@@@@@@@@@@@@@@@@@@@@@@@@@...................................................@@@@@@@@@@@@@@@@@@@@@@@@@@@@@@@@@
@@@@@@@@@@@..............................................................................................................@@@@@@@@@@@@@@@@@@@@@@@@@@@@@@@@@@@@@@@@@@@@@@@@@@.....................................................@@@@@@@@@@@@@@@@@@@@@@@@@@@@@@@@
@@@@@@@@@@................................................................................................................@@@@@@@@@@@@@@@@@@@@@@@@@@@@@@@@@@@@@@@@@@@@@@@@......................................................@@@@@@@@@@@@@@@@@@@@@@@@@@@@@@@@
@@@@@@@@@..................................................................................................................@@@@@@@@@@@@@@@@@@@@@@@@@@@@@@@@@@@@@@@@@@@@@.........................................................@@@@@@@@@@@@@@@@@@@@@@@@@@@@@@.
@@@@@@@@...................................................................................................................@@@@@@@@@@@@@@@@@@@@@@@@@@@@@@@@@@@@@@@@@@@@...........................................................@@@@@@@@@@@@@@@@@@@@@@@@@@@...
@@@@@@@@....................................................................................................................@@@@@@@@@@@@@@@@@@@@@@@@@@@@@@@@@@@@@@@@@@.............................................................@@@@@@@@@@@@@@@@@@@@@@@@@....
@@@@@@@......................................................................................................................@@@@@@@@@@@@@@@@@@@@@@@@@@@@@@@@@@@@@@@@..............................................................@@@@@@@@@@@@@@@@@@@@@@@@.....
@@@@@@........................................................................................................................@@@@@@@@@@@@@@@@@@@@@@@@@@@@@@@@@@@@@@................................................................@@@@@@@@@@@@@@@@@@@@@@......
@@@@@..........................................................................................................................@@@@@@@@@@@@@@@@@@@@@@@@@@@@@@@@@@@...................................................................@@@@@@@@@@@@@@@@@@@........
@@@@............................................................................................................................@@@@@@@@@@@@@@@@@@@@@@@@@@@@@@@@@.....................................................................@@@@@@@@@@@@@@@@@.........
@@@.............................................................................................................................@@@@@@@@@@@@@@@@@@@@@@@@@@@@@@@@.......................................................................@@@@@@@@@@@@@@@..........
@@...............................................................................................................................@@@@@@@@@@@@@@@@@@@@@@@@@@@@@@........................................................................@@@@@@@@@@@@@@...........
@.........................................................@@......................................................................@@@@@@@@@@@@@@@@@@@@@@@@@@@@.....................................@....................................@@@@@@@@@@@.............
@.........................................................@@@@.....................................................................@@@@@@@@@@@@@@@@@@@@@@@@@......................................@@@....................................@@@@@@@@@..............
.........................................................@@@@@......................................................................@@@@@@@@@@@@@@@@@@@@@@@......................................@@@@@....................................@@@@@@@...............
.........................................................@@@@........................................................................@@@@@@@@@@@@@@@@@@@@@......................................@@@@@@@...................................@@@@@@................
........................................................@@@@@........................................................................@@@@@@@@@@@@@@@@@@@@......................................@@@@@@@@@...................................@@@..................
........................................................@@@@..........................................................................@@@@@@@@@@@@@@@@@@......................................@@@@@@@@@@@...................................@...................
.......................................................@@@@@...........................................................................@@@@@@@@@@@@@@@.......................................@@@@@@@@@@@@@......................................................
.......................................................@@@@.............................................................................@@@@@@@@@@@@@.......................................@@@@@@@@@@@@@@@.....................................................
......................................................@@@@@.......................................................................@@@....@@@@@@@@@@@........................................@@@@@@@@@@@@@@@@....................................................
......................................................@@@@.......................................................................@@@@@@@..@@@@@@@@@........................................@@@@@@@@@@@@@@@@@@...................................................
.....................................................@@@@@......................................................................@@@@@@@@..@@@@@@@@........................................@@@@@@@@@@@@@@@@@@@@@.................................................
.....................................................@@@@......................................................................@@@@@@@@@...@@@@@.........................................@@@@@@@@@@@@@@@@@@@@@@@................................................
....................................................@@@@@......................................................................@@@@@@@@@....@@@.........................................@@@@@@@@@@@@@@@@@@@@@@@@@...............................................
....................................................@@@@......................................................................@@@@@@@@@@.....@.........................................@@@@@@@@@@@@@@@@@@@@@@@@@@@..............................................
....................................................@@@@.....................................................................@@@@@@@@@@...............................................@@@@@@@@@@@@@@@@@@@@@@@@@@@@@.............................................
...................................................@@@@@....................................................................@@@@@@@@@................................................@@@@@@@@@@@@@@@@@@@@@@@@@@@@@@@............................................
...................................................@@@@....................................................................@@@@@@@@@..................................................@@@@@@@@@@@@@@@@@@@@@@@@@@@@@@@...........................................
..................................................@@@@@...................................................................@@@@@@@@@....................................................@@@@@@@@@@@@@@@@@@@@@@@@@@@@@@@..........................................
..................................................@@@@...................................................................@@@@@@@@@......................................................@@@@@@@@@@@@@@@@@@@@@@@@@@@@@@@.........................................
...............................................@@@@@@@.................................................................@@@@@@@@@@........................................................@@@@@@@@@@@@@@@@@@@@@@@@@@@@@@@........................................
.............................................@@@@@@@@.................................................................@@@@@@@@@@........................................................@@@@@@@@@@@@@@@@@@@@@@@@@@@@@@@@@.......................................
...........................................@@@@@@@@@@@...............................................................@@@@@@@@@@.........................................................@@@@@@@@@@@@@@@@@@@@@@@@@@@@@@@@........................................
..........................................@@@@@@@@@@@@@.............................................................@@@@@@@@@@.........................................................@@@@@@@@@@@@@@@@@@@@@@@@@@@@@@@@.........................................
..........................................@@@@@@@@@@@@@............................................................@@@@@@@@@@.........................................................@@@@@@@@@@@@@@@@@@@@@@@@@@@@@@@@..........................................
..........................................@@@@@@@@@@@@@@..........................................................@@@@@@@@@@..........................................................@@@@@@@@@@@@@@@@@@@@@@@@@@@@@@@...........................................
...................................@@@@@@@@@@@@@@@@@@@@@.........................................................@@@@@@@@@@..........................................................@@@@@@@@@@@@@@@@@@@@@@@@@@@@@@@............................................
.........................@@@@@@@@@@@@@@@@@@@@@@@@@@@@@@@........................................................@@@@@@@@@@..........................................................@@@@@@@@@@@@@@@@@@@@@@@@@@@@@@@.............................................
....................@@@@@@@@@@@@@@@@@@@@@@@@@@@@@@@@@@@@........................................................@@@@@@@@@...........................................................@@@@@@@@@@@@@@@@@@@@@@@@@@@@@@..............................................
....................@@@@@@@@@@@@@@@@@@@@@@@@@@@@@@@@@@@.........................................................@@@@@@@@...........................................................@@@@@@@@@@@@@@@@@@@@@@@@@@@@@@@..............................................
....................@@@@@@@@@@@@@@@@@@@@@@@@@@@@@@@@@@@.........................................................@@@@@@@...........................................................@@@@@@@@@@@@@@@@@@@@@@@@@@@@@@@...............................................
....................@@@@@@@@@@@@@@.........@@@@@@@@@@@@.........................................................@@@@@@@...........................................................@@@@@@@@@@@@@@@@@@@@@@@@@@@@@@...............................@................
....................@@@@@...................@@@@@@@@@@@.........................................................@@@@@@@..........................................................@@@@@@@@@@@@@@@@@@@@@@@@@@@@@@...............................@@@...............
............................................@@@@@@@@@@@.........................................................@@@@@@@.........................................................@@@@@@@@@@@@@@@@@@@@@@@@@@@@@@..............................@@@@@...............
.............................................@@@@@..@@@@........................................................@@@@@@.........................................................@@@@@@@@@@@@@@@@@@@@@@@@@@@@@@..............................@@@@@@@..............
....................................................@@@@@.......................................................@@@@@@.........................................................@@@@@@@@@@@@@@@@@@@@@@@@@@@@@..............................@@@@@@@@@.............
.....................................................@@@@@......................................................@@@@@@........................................................@@@@@@@@@@@@@@@@@@@@@@@@@@@@@.............................@@@@@@@@@@@.............
......................................................@@@@@.....................................................@@@@@@.......................................................@@@@@@@@@@@@@@@@@@@@@@@@@@@@@.............................@@@@@@@@@@@@@............
.......................................................@@@@....................................................@@@@@@@......................................................@@@@@@@@@@@@@@@@@@@@@@@@@@@@@.............................@@@@@@@@@@@@@@@...........
.......................................................@@@@@..................................................@@@@@@@@....................................................@@@@@@@@@@@@@@@@@@@@@@@@@@@@@@.............................@@@@@@@@@@@@@@@@...........
........................................................@@@@@.................................................@@@@@@@@@..................................................@@@@@@@@@@@@@@@@@@@@@@@@@@@@@@............................@@@@@@@@@@@@@@@@@@@..........
.........................................................@@@@@...............................................@@@@@@@@@@.................................................@@@@@@@@@@@@@@@@@@@@@@@@@@@@@@............................@@@@@@@@@@@@@@@@@@@@@.........
..........................................................@@@@................................................@@@@@@@@@................................................@@@@@@@@@@@@@@@@@@@@@@@@@@@@@@@...........................@@@@@@@@@@@@@@@@@@@@@@@........
...........................................................@@@@...............................................@@@@@@@@................................................@@@@@@@@@@@@@@@@@@@@@@@@@@@@@@@..........................@@@@@@@@@@@@@@@@@@@@@@@@@........
...........................................................@@@@@...............................................@@@@@@@..............................................@@@@@@@@@@@@@@@@@@@@@@@@@@@@@@@@..........................@@@@@@@@@@@@@@@@@@@@@@@@@@@.......
............................................................@@@@@..............................................@@@@@@..............................................@@@@@@@@@@@@@@@@@@@@@@@@@@@@@@@@..........................@@@@@@@@@@@@@@@@@@@@@@@@@@@@@......
.............................................................@@@@.................................................................................................@@@@@@@@@@@@@@@@@@@@@@@@@@@@@@@@.........................@@@@@@@@@@@@@@@@@@@@@@@@@@@@@@@......
..............................................................@@@@..............................................................................................@@@@@@@@@@@@@@@@@@@@@@@@@@@@@@@@@@........................@@@@@@@@@@@@@@@@@@@@@@@@@@@@@@@@@.....
..............................................................@@@@@............................................................................................@@@@@@@@@@@@@@@@@@@@@@@@@@@@@@@@@@........................@@@@@@@@@@@@@@@@@@@@@@@@@@@@@@@@@@@....
...............................................................@@@............................................................................................@@@@@@@@@@@@@@@@@@@@@@@@@@@@@@@@@@........................@@@@@@@@@@@@@@@@@@@@@@@@@@@@@@@@@@@@@...
................................................................@...........................................................................................@@@@@@@@@@@@@@@@@@@@@@@@@@@@@@@@@@@.......................@@@@@@@@@@@@@@@@@@@@@@@@@@@@@@@@@@@@@@@@..
..................................................................................................................................................@........@@@@@@@@@@@@@@@@@@@@@@@@@@@@@@@@@@@.......................@@@@@@@@@@@@@@@@@@@@@@@@@@@@@@@@@@@@@@@@@..
.................................................................................................................................................@@@......@@@@@@@@@@@@@@@@@@@@@@@@@@@@@@@@@@@.......................@@@@@@@@@@@@@@@@@@@@@@@@@@@@@@@@@@@@@@@@@@@.
................................................................................................................................................@@@@@...@@@@@@@@@@@@@@@@@@@@@@@@@@@@@@@@@@@@......................@@@@@@@@@@@@@@@@@@@@@@@@@@@@@@@@@@@@@@@@@@@@@@
...............................................................................................................................................@@@@@@@.@@@@@@@@@@@@@@@@@@@@@@@@@@@@@@@@@@@@@.....................@@@@@@@@@@@@@@@@@@@@@@@@@@@@@@@@@@@@@@@@@@@@@@@
.........................................................................................................@....................................@@@@@@@@@@@@@@@@@@@@@@@@@@@@@@@@@@@@@@@@@@@@@.....................@@@@@@@@@@@@@@@@@@@@@@@@@@@@@@@@@@@@@@@@@@@@@@@@
........................................................................................................@@@..................................@@@@@@@@@@@@@@@@@@@@@@@@@@@@@@@@@@@@@@@@@@@@@......................@@@@@@@@@@@@@@@@@@@@@@@@@@@@@@@@@@@@@@@@@@@@@@@@
.......................................................................................................@@@@@@...............................@@@@@@@@@@@@@@@@@@@@@@@@@@@@@@@@@@@@@@@@@@@@@.......................@@@@@@@@@@@@@@@@@@@@@@@@@@@@@@@@@@@@@@@@@@@@@@@@
......................................................................................................@@@@@@@@.............................@@@@@@@@@@@@@@@@@@@@@@@@@@@@@@@@@@@@@@@@@@@@@.........................@@@@@@@@@@@@@@@@@@@@@@@@@@@@@@@@@@@@@@@@@@@@@@@
.......................................................................................................@@@@@@@@...........................@@@@@@@@@@@@@@@@@@@@@@@@@@@@@@@@@@@@@@@@@@@@@............................@@@@@@@@@@@@@@@@@@@@@@@@@@@@@@@@@@@@@@@@@@@@@
.........................................................................................................@@@@@............................@@@@@@@@@@@@@@@@@@@@@@@@@@@@@@@@@@@@@@@@@@@@..............................@@@@@@@@@@@@@@@@@@@@@@@@@@@@@@@@@@@@@@@@@@@@
..........................................................................................................@@@@...........................@@@@@@@@@@@@@@@@@@@@@@@@@@@@@@@@@@@@@@@@@@@@................................@@@@@@@@@@@@@@@@@@@@@@@@@@@@@@@@@@@@@@@@@@@
............................................................................................................@...........................@@@@@@@@@@@@@@@@@@@@@@@@@@@@@@@@@@@@@@@@@@@@...................................@@@@@@@@@@@@@@@@@@@@@@@@@@@@@@@@@@@@@@@@@
.......................................................................................................................................@@@@@@@@@@@@@@@@@@@@@@@@@@@@@@@@@@@@@@@@@@@@@....................................@@@@@@@@@@@@@@@@@@@@@@@@@@@@@@@@@@@@@@@@
......................................................................................................................................@@@@@@@@@@@@@@@@@@@@@@@@@@@@@@@@@@@@@@@@@@@@@.......................................@@@@@@@@@@@@@@@@@@@@@@@@@@@@@@@@@@@@@@
.....................................................................................................................................@@@@@@@@@@@@@@@@@@@@@@@@@@@@@@@@@@@@@@@@@@@@@.........................................@@@@@@@@@@@@@@@@@@@@@@@@@@@@@@@@@@@@@
....................................................................................................................................@@@@@@@@@@@@@@@@@@@@@@@@@@@@@@@@@@@@@@@@@@@@@...........................................@@@@@@@@@@@@@@@@@@@@@@@@@@@@@@@@@@@@
...................................................................................................................................@@@@@@@@@@@@@@@@@@@@@@@@@@@@@@@@@@@@@@@@@@@@...............................................@@@@@@@@@@@@@@@@@@@@@@@@@@@@@@@@@@
....................................................................................................................................@@@@@@@@@@@@@@@@@@@@@@@@@@@@@@@@@@@@@@@@@@.................................................@@@@@@@@@@@@@@@@@@@@@@@@@@@@@@@@@
....................................................................................................@................................@@@@@@@@@@@@@@@@@@@@@@@@@@@@@@@@@@@@@@@@....................................................@@@@@@@@@@@@@@@@@@@@@@@@@@@@@@@
...................................................................................................@@@@...............................@@@@@@@@@@@@@@@@@@@@@@@@@@@@@@@@@@@@@@......................................................@@@@@@@@@@@@@@@@@@@@@@@@@@@@@@
...................................................................................................@@@@@...............................@@@@@@@@@@@@@@@@@@@@@@@@@@@@@@@@@@@@........................................................@@@@@@@@@@@@@@@@@@@@@@@@@@@@@
..................................................................................................@@@@@.................................@@@@@@@@@@@@@@@@@@@@@@@@@@@@@@@@@@...........................................................@@@@@@@@@@@@@@@@@@@@@@@@@@@
.................................................................................................@@@@@@...................................@@@@@@@@@@@@@@@@@@@@@@@@@@@@@@@.............................................................@@@@@@@@@@@@@@@@@@@@@@@@@@
.................................................................................................@@@@@.....................................@@@@@@@@@@@@@@@@@@@@@@@@@@@@@................................................................@@@@@@@@@@@@@@@@@@@@@@@@
................................................................................................@@@@@@......................................@@@@@@@@@@@@@@@@@@@@@@@@@@@..................................................................@@@@@@@@@@@@@@@@@@@@@@@
...............................................................................................@@@@@@........................................@@@@@@@@@@@@@@@@@@@@@@@@@.....................................................................@@@@@@@@@@@@@@@@@@@@@
..............................................................................................@@@@@@@.........................................@@@@@@@@@@@@@@@@@@@@@@@.......................................................................@@@@@@@@@@@@@@@@@@@@
..............................................................................................@@@@@@...........................................@@@@@@@@@@@@@@@@@@@@@.........................................................................@@@@@@@@@@@@@@@@@@@
.............................................................................................@@@@@@@............................................@@@@@@@@@@@@@@@@@@@............................................................................@@@@@@@@@@@@@@@@@
..............................................................................................@@@@@..............................................@@@@@@@@@@@@@@@@@@.............................................................................@@@@@@@@@@@@@@@@
...............................................................................................@@@@...............................................@@@@@@@@@@@@@@@@................................................@@..............................@@@@@@@@@@@@@@
.............................................................................................@@@@@.................................................@@@@@@@@@@@@@@.................................................@@@@.............................@@@@@@@@@@@@@
............................................................................................@@@@@@..................................................@@@@@@@@@@@@.................................................@@@@@@@............................@@@@@@@@@@@@
............................................................................................@@@@@.....................................................@@@@@@@@@..................................................@@@@@@@@@............................@@@@@@@@@@
.............................................................................................@@@@......................................................@@@@@@@..................................................@@@@@@@@@@@@...........................@@@@@@@@@
.............................................................................................@@@........................................................@@@@@...................................................@@@@@@@@@@@@@@@..........................@@@@@@@
..............................................................................................@@.........................................................@@@...................................................@@@@@@@@@@@@@@@@@@.........................@@@@@.
..............................................................................................@...........................................................@....................................................@@@@@@@@@@@@@@@@@@@@........................@@@@.
..............................................................................................................................................................................................................@@@@@@@@@@@@@@@@@@@@@@@........................@..
..............................................................................................................................................................................................................@@@@@@@@@@@@@@@@@@@@@@@@@.........................
......................................................................................................................................................@@......................................................@@@@@@@@@@@@@@@@@@@@@@@@@@@.......................
.....................................................................................................................................................@@@@@...................................................@@@@@@@@@@@@@@@@@@@@@@@@@@@@@@@....................
.....................................................................................................................................................@@@@@@@.................................................@@@@@@@@@@@@@@@@@@@@@@@@@@@@@@@@@..................
....................................................................................................................................................@@@@@@@@@@..............................................@@@@@@@@@@@@@@@@@@@@@@@@@@@@@@@@@@@@................
...................@@...............................................................................................................................@@@@@@@@@@@@............................................@@@@@@@@@@@@@@@@@@@@@@@@@@@@@@@@@@@@@@..............
.................@@@@@.............................................................................................................................@@@@@@@@@@@@@@@.........................................@@@@@@@@@@@@@@@@@@@@@@@@@@@@@@@@@@@@@@@@@............
..............@@@@@@@@.............................................................................................................................@@@@@@@@@@@@@@@@@.......................................@@@@@@@@@@@@@@@@@@@@@@@@@@@@@@@@@@@@@@@@@@@..........
...........@@@@@@@@@@@@...........................................................................................................................@@@@@@@@@@@@@@@@@@@@....................................@@@@@@@@@@@@@@@@@@@@@@@@@@@@@@@@@@@@@@@@@@@@..........
.........@@@@@@@@@@@@@@@..........................................................................................................................@@@@@@@@@@@@@@@@@@@@@@..................................@@@@@@@@@@@@@@@@@@@@@@@@@@@@@@@@@@@@@@@@@@@...........
.......@@@@@@@@@@@@@@@@@@........................................................................................................................@@@@@@@@@@@@@@@@@@@@@@@@@...............................@@@@@@@@@@@@@@@@@@@@@@@@@@@@@@@@@@@@@@@@@@@@...........
........@@@@@@@@@@@@@@@@@........................................................................................................................@@@@@@@@@@@@@@@@@@@@@@@@@@@.............................@@@@@@@@@@@@@@@@@@@@@@@@@@@@@@@@@@@@@@@@@@@............
........@@@@@@@@@@@@@@@@@@..................................................................................................................@@..@@@@@@@@@@@@@@@@@@@@@@@@@@@@@@...........................@@@@@@@@@@@@@@@@@@@@@@@@@@@@@@@@@@@@@@@@@@@............
.........@@@@@@@@@@@@@@@@@@.................................................................................................................@@@@TT@@@@@@@@@@@@@@@@@@@@@@@@@@@@@@........................@@@@@@@@@@@@@@@@@@@@@@@@@@@@@@@@@@@@@@@@@@@.............
.........@@@@@@@@@@@@@@@@@@................................................................................................................@@@@@@@TTT@@@@@@@@@@@@@@@@@@@@@@@@@@@@@......................@@@@@@@@@@@@@@@@@@@@@@@@@@@@@@@@@@@@@@@@@@@.............
..........@@@@@@@@@@@@@@@@@@...............................................................................................................@@@@@@@@@@TT@@@@@@@@@@@@@@@@@@@@@@@@@@@@@...................@@@@@@@@@@@@@@@@@@@@@@@@@@@@@@@@@@@@@@@@@@@..............
..........@@@@@@@@@@@@@@@@@@@.............................................................................................................@@@@@@@@@@@@@...@@@@@@@@@@@@@@@@@@@@@@@@@@@@.................@@@@@@@@@@@@@@@@@@@@@@@@@@@@@@@@@@@@@@@@@@@..............
...........@@@@@@@@@@@@@@@@@@.............................................................................................................@@@@@@@@@@@@@@@....@@@@@@@@@@@@@@@@@@@@@@@@@@@..............@@@@@@@@@@@@@@@@@@@@@@@@@@@@@@@@@@@@@@@@@@@...............
...........@@@@@@@@@@@@@@@@@@@...........................................................................................................@@@@@@@@@@@@@@@@@@@....@@@@@@@@@@@@@@@@@@@@@@@@@@............@@@@@@@@@@@@@@@@@@@@@@@@@@@@@@@@@@@@@@@@@@@...............
............@@@@@@@@@@@@@@@@@@@..........................................................................................................@@@@@@@@@@@@@@@@@@@@@....@@@@@@@@@@@@@@@@@@@@@@@@@@.........@@@@@@@@@@@@@@@@@@@@@@@@@@@@@@@@@@@@@@@@@@@................
............@@@@@@@@@@@@@@@@@@@@........................................................................................................@@@@@@@@@@@@@@@@@@@@@@@@.....@@@@@@@@@@@@@@@@@@@@@@@@@.......@@@@@@@@@@@@@@@@@@@@@@@@@@@@@@@@@@@@@@@@@@@................
.............@@@@@@@@@@@@@@@@@@@........................................................................................................@@@@@@@@@@@@@@@@@@@@@@@@@@@.....@@@@@@@@@@@@@@@@@@@@@..........@@@@@@@@@@@@@@@@@@@@@@@@@@@@@@@@@@@@@@@@.................
.............@@@@@@@@@@@@@@@@@@@@......................................................................................................@@@@@@@@@@@@@@@@@@@@@@@@@@@@@@.....@@@@@@@@@@@@@@@@@@@............@@@@@@@@@@@@@@@@@@@@@@@@@@@@@@@@@@@@@@.................
..............@@@@@@@@@@@@@@@@@@.......................................................................................................@@@@@@@@@@@@@@@@@@@@@@@@@@@@@@@@......@@@@@@@@@@@@@@@...............@@@@@@@@@@@@@@@@@@@@@@@@@@@@@@@@@@@..................
..............@@@@@@@@@@@@@@@@@..........................................................................................................@@@@@@@@@@@@@@@@@@@@@@@@@@@@@@@@@......@@@@@@@@@@@@................@@@@@@@@@@@@@@@@@@@@@@@@@@@@@@@@@@..................
...............@@@@@@@@@@@@@@@.............................................................................................................@@@@@@@@@@@@@@@@@@@@@@@@@@@@@@@@@.......@@@@@@@@................@@@@@@@@@@@@@@@@@@@@@@@@@@@@@@@@@@...................
...............@@@@@@@@@@@@@@................................................................................................................@@@@@@@@@@@@@@@@@@@@@@@@@@@@@@@@@@......@@@@@@...............@@@@@@@@@@@@@@@@@@@@@@@@@@@@@@@@@@@...................
................@@@@@@@@@@@@@...................................................................................................................@@@@@@@@@@@@@@@@@@@@@@@@@@@@@@@@@@......@@...............@@@@@@@@@@@@@@@@@@@@@@@@@@@@@@@@@@@....................
................@@@@@@@@@@@@@.....................................................................................................................@@@@@@@@@@@@@@@@@@@@@@@@@@@@@@@@@@@...................@@@@@@@@@@@@@@@@@@@@@@@@@@@@@@@@@@@@....................
.................@@@@@@@@@@@@.......................................................................................................................@@@@@@@@@@@@@@@@@@@@@@@@@@@@@@@@@@@@................@@@@@@@@@@@@@@@@@@@@@@@@@@@@@@@@@@@.....................
.................@@@@@@@@@@@@..........................................................................................................................@@@@@@@@@@@@@@@@@@@@@@@@@@@@@@@@@@@@............@@@@@@@@@@@@@@@@@@@@@@@@@@@@@@@@@@@@.....................
..................@@@@@@@@@@@............................................................................................................................@@@@@@@@@@@@@@@@@@@@@@@@@@@@@@@@@@@@@.........@@@@@@@@@@@@@@@@@@@@@@@@@@@@@@@@@@@......................
..................@@@@@@@@@@@..............................................................................................................................@@@@@@@@@@@@@@@@@@@@@@@@@@@@@@@@@@@@@@.....@@@@@@@@@@@@@@@@@@@@@@@@@@@@@@@@@@@@......................
...................@@@@@@@@@@@................................................................................................................................@@@@@@@@@@@@@@@@@@@@@@@@@@@@@@@@@@@@@...@@@@@@@@@@@@@@@@@@@@@@@@@@@@@@@@@@@.......................
...................@@@@@@@@@@@..................................................................................................................................@@@@@@@@@@@@@@@@@@@@@@@@@@@@@@@@@@@..@@@@@@@@@@@@@@@@@@@@@@@@@@...@@@@@@@.......................
....................@@@@@@@@@@@...................................................................................................................................@@@@@@@@@@@@@@@@@@@@@@@@@@@@@@@@@@..@@@@@@@@@@@@@@@@@@@@@@@@......@@@@........................
.....@..............@@@@@@@@@........................................................................................................................................@@@@@@@@@@@@@@@@@@@@@@@@@@@@@@@@@TT@@@@@@@@@@@@@@@@@@@@..........@@........................
...@@@...............@@@@@@............................................................................................................................................@@@@@@@@@@@@@@@@@@@@@@@@@@@@@@@@@T@@@@@@@@@@@@@@@@@......................................
@.@@@@@..............@@@@................................................................................................................................................@@@@@@@@@@@@@@@@@@@@@@@@@@@@@@@@@@@@@@@@@@@@@@@........................................
@@@@@@@...............@.....................................................................................................................................................@@@@@@@@@@@@@@@@@@@@@@@@@@@@@@@@@T@@@@@.............................................
@@@@@@@@.....................................................................................................................................................................@@@@@@@@@@@@@@@@@@@@@@@@@@@@@@@@@@.................................................
@@@@@@@@....................................................................................................................................................................@@@@@@@@@@@@@@@@@@@@@@@@@@@@@@@@@@@@@...............................................
@@@@@@@@@...................................................................................................................................................................@@@@@@@@@@@@@@@@@@@@@@@@@@@@@@@@@@@@@...............................................
@@@@@@@@@.....................................................................................................................................................................@@@@@@@@@@@@@@@@@@@@@@@@@@@@@@@@@@................................................
@@@@@@@@@@......................................................................................................................................................................@@@@@@@@@@@@@@@@@@@@@@@@@@@@@@@@................................................
@@@@@@@@@@........................................................................................................................................................................@@@@@@@@@@@@@@@@@@@@@@@@@@@@@.................................................
@@@@@@@@@...........................................................................................................................................................................@@@@@@@@@@@@@@@@@@@@@@@@@@@.................................................
@@@@@@@...............................................................................................................................................................................@@@@@@@@@@@@@@@@@@@@@@@@..................................................
@@@@@@...................................................................................................................................................................................@@@@@@@@@@@@@@@@@@@@@..................................................
@@@@@......................................................................................................................................................................................@@@@@@@@@@@@@@@@@@...................................................
@@@@@........................................................................................................................................................................................@@@@@@@@@@@@@@@@...................................................
@@@@...........................................................................................................................................................................................@@@@@@@@@@@@@@...................................................
@@@@@............................................................................................................................................................................................@@@@@@@@@@@@@@.................................................
@@@@................................................................................................................................................................................................@@@@@@@@@@@@@...............................................
@@....................................................................................................................................................................................................@@@@@@@@@@@@@.............................................
........................................................................................................................................................................................................@@@@@@@@@@@@@...........................................
..........................................................................................................................................................................................................@@@@@@@@@@@@@@........................................
.............................................................................................................................................................................................................@@@@@@@@@@@@@......................................
...............................................................................................................................................................................................................@@@@@@@@@@@@@....................................
.................................................................................................................................................................................................................@@@@@@@@@@@@@..................................
...................................................................................................................................................................................................................@@@@@@@@@@@@@................................
.....................................................................................................................................................................................................................@@@@@@@@@@@@@..............................
........................................................................................................................................................................................................................@@@@@@@@@@@@............................
..........................................................................................................................................................................................................................@@@@@@@@@.............................
............................................................................................................................................................................................................................@@@@@@@.............................
..............................................................................................................................................................................................................................@@@@..............................
................................................................................................................................................................................................................................@@..............................
.............................................................@@.................................................................................................................................................................................................
...........................................................@@@@@@...............................................................................................................................................................................................
.........................................................@@@@@@@@@..............................................................................................................................................................................................
.......................................................@@@@@@@@@@@@.............................................................................................................................................................................................
.....................................................@@@@@@@@@@@@@@@@..........................................................@@@@@@@..........................................................................................................................
...................................................@@@@@@@@@@@@@@@@@@@......................................................@@@@@@@@@@@@........................................................................................................................
.................................................@@@@@@@@@@@@@@@@@@@@@@....................................................@@@@@@@@@@@@@@.......................................................................................................................
...............................................@@@@@@@@@@@@@@@@@@@@@@@@@@..................................................@@@@@@@@@@@@@@@......................................................................................................................
.............................................@@@@@@@@@@@@@@@@@@@@@@@@@@@@@................................................@@@@@@@@@@@@@@@@@.....................................................................................................................
...........................................@@@@@@@@@@@@@@@@@@@@@@@@@@@@@@@@@..............................................@@@@@@@@@@@@@@@@@.....................................................................................................................
.........................................@@@@@@@@@@@@@@@@@@@@@@@@@@@@@@@@@@@@.............................................@@@@@@@@@@@@@@@@@.....................................................................................................................
.......................................@@@@@@@@@@@@@@@@@@@@@@@@@@@@@@@@@@@@@@@...........................................@@@@@@@@@@@@@@@@@@.....................................................................................................................
.....................................@@@@@@@@@@@@@@@@@@@@@@@@@@@@@@@@@@@@@@@@@@@.........................................@@@@@@@@@@@@@@@@@@.....................................................................................................................
...................................@@@@@@@@@@@@@@@@@@@@@@@@@@@@@@@@@@@@@@@@@@@@@@........................................@@@@@@@@@@@@@@@@@@..........................@..........................................................................................
.................................@@@@@@@@@@@@@@@@@@@@@@@@@@@@@@@@@@@@@@@@@@@@@@@@........................................@@@@@@@@@@@@@@@@@@..........................@@@........................................................................................
...............................@@@@@@@@@@@@@@@@@@@@@@@@@@@@@@@@@@@@@@@@@@@@@@@@@@........................................@@@@@@@@@@@@@@@@@@.........................@@@@@@......................................................................................
.............................@@@@@@@@@@@@@@@@@@@@@@@@@@@@@@@@@@@@@@@@@@@@@@@@@@@@.........................................@@@@@@@@@@@@@@@@@.........................@@@@@@@@....................................................................................
...........................@@@@@@@@@@@@@@@@@@@@@@@@@@@@@@@@@@@@@@@@@@@@@@@@@@@@@@..........................................@@@@@@@@@@@@@@@.........................@@@@@@@@@@@..................................................................................
.........................@@@@@@@@@@@@@@@@@@@@@@@@@@@@@@@@@@@@@@@@@@@@@@@@@@@@@@@@..........................................@@@@@@@@@@@@@@..........................@@@@@@@@@@@@@................................................................................
.......................@@@@@@@@@@@@@@@@@@@@@@@@@@@@@@@@@@@@@@@@@@@@@@@@@@@@@@@@@@...........................................@@@@@@@@@@@@..........................@@@@@@@@@@@@@@@@..............................................................................
.....................@@@@@@@@@@@@@@@@@@@@@@@@@@@@@@@@@@@@@@@@@@@@@@@@@@@@@@@@@@@@............................................@@@@@@@@@@...........................@@@@@@@@@@@@@@@@@@............................................................................
...................@@@@@@@@@@@@@@@@@@@@@@@@@@@@@@@@@@@@@@@@@@@@@@@@@@@@@@@@@@@@@@..............................................@@@@@@............................@@@@@@@@@@@@@@@@@@@@@..........................................................................
.................@@@@@@@@@@@@@@@@@@@@@@@@@@@@@@@@@@@@@@@@@@@@@@@@@@@@@@@@@@@@@@@@................................................................................@@@@@@@@@@@@@@@@@@@@@@@........................................................................
...............@@@@@@@@@@@@@@@@@@@@@@@@@@@@@@@@@@@@@@@@@@@@@@@@@@@@@@@@@@@@@@@@@@................................................................................@@@@@@@@@@@@@@@@@@@@@@.........................................................................
..............@@@@@@@@@@@@@@@@@@@@@@@@@@@@@@@@@@@@@@@@@@@@@@@@@@@@@@@@@@@@@@@@@@@...............................................................................@@@@@@@@@@@@@@@@@@@@@@@.........................................................................
............@@@@@@@@@@@@@@@@@@@@@@@@@@@@@@@@@@@@@@@@@@@@@@@@@@@@@@@@@@@@@@@@@@@@@...............................................................................@@@@@@@@@@@@@@@@@@@@@@..........................................................................
..........@@@@@@@@@@@@@@@@@@@@@@@@@@@@@@@@@@@@@@@@@@@@@@@@@@@@@@@@@@@@@@@@@@@@@@@..............................................................................@@@@@@@@@@@@@@@@@@@@@@@..........................................................................
........@@@@@@@@@@@@@@@@@@@@@@@@@@@@@@@@@@@@@@@@@@@@@@@@@@@@@@@@@@@@@@@@@@@@@@@@@..............................................................................@@@@@@@@@@@@@@@@@@@@@@...........................................................................
......@@@@@@@@@@@@@@@@@@@@@@@@@@@@@@@@@@@@@@@@@@@@@@@@@@@@@@@@@@@@@@@@@@@@@@@@@@@.............................................................................@@@@@@@@@@@@@@@@@@@@@@@...........................................................................
....@@@@@@@@@@@@@@@@@@@@@@@@@@@@@@@@@@@@@@@@@@@@@@@@@@@@@@@@@@@@@@@@@@@@@@@@@@@@@.............................................................................@@@@@@@@@@@@@@@@@@@@@@............................................................................
..@@@@@@@@@@@@@@@@@@@@@@@@@@@@@@@@@@@@@@@@@@@@@@@@@@@@@@@@@@@@@@@@@@@@@@@@@@@@@@@............................................................@@..............@@@@@@@@@@@@@@@@@@@@@@@............................................................................
@@@@@@@@@@@@@@@@@@@@@@@@@@@@@@@@@@@@@@@@@@@@@@@@@@@@@@@@@@@@@@@@@@@@@@@@@@@@@@@@@...........................................................@@@@@............@@@@@@@@@@@@@@@@@@@@@@.............................................................................
@@@@@@@@@@@@@@@@@@@@@@@@@@@@@@@@@@@@@@@@@@@@@@@@@@@@@@@@@@@@@@@@@@@@@@@@@@@@@@@@@...........................................................@@@@@@@.........@@@@@@@@@@@@@@@@@@@@@@@.............................................................................
@@@@@@@@@@@@@@@@@@@@@@@@@@@@@@@@@@@@@@@@@@@@@@@@@@@@@@@@@@@@@@@@@@@@@@@@@@@@@@@@@..........................................................@@@@@@@@@@@......@@@@@@@@@@@@@@@@@@@@@@..............................................................................
@@@@@@@@@@@@@@@@@@@@@@@@@@@@@@@@@@@@@@@@@@@@@@@@@@@@@@@@@@@@@@@@@@@@@@@@@@@@@@@@@..........................................................@@@@@@@@@@@@@.....@@@@@@@@@@@@@@@@@@@@@..............................................................................
@@@@@@@@@@@@@@@@@@@@@@@@@@@@@@@@@@@@@@@@@@@@@@@@@@@@@@@@@@@@@@@@@@@@@@@@@@@@@@@@@@.........................................................@@@@@@@@@@@@@@@.....@@@@@@@@@@@@@@@@@@...............................................................................
@@@@@@@@@@@@@@@@@@@@@@@@@@@@@@@@@@@@@@@@@@@@@@@@@@@@@@@@@@@@@@@@@@@@@@@@@@@@@@@@@@........................................................@@@@@@@@@@@@@@@@@......@@@@@@@@@@@@@@@@...............................................................................
@@@@@@@@@@@@@@@@@@@@@@@@@@@@@@@@@@@@@@@@@@@@@@@@@@@@@@@@@@@@@@@@@@@@@@@@@@@@@@@@@@........................................................@@@@@@@@@@@@@@@@@@.......@@@@@@@@@@@@@.....................@@.........................................................
@@@@@@@@@@@@@@@@@@@@@@@@@@@@@@@@@@@@@@@@@@@@@@@@@@@@@@@@@@@@@@@@@@@@@@@@@@@@@@@@@@........................................................@@@@@@@@@@@@@@@@@@@........@@@@@@@@@@@.....................@@@@.......................................................
@@@@@@@@@@@@@@@@@@@@@@@@@@@@@@@@@@@@@@@@@@@@@@@@@@@@@@@@@@@@@@@@@@@@@@@@@@@@@@@@@@........................................................@@@@@@@@@@@@@@@@@@@@.........@@@@@@@@.....................@@@@@@@.....................................................
@@@@@@@@@@@@@@@@@@@@@@@@@@@@@@@@@@@@@@@@@@@@@@@@@@@@@@@@@@@@@@@@@@@@@@@@@@@@@@@@@@.......................................................@@@@@@@@@@@@@@@@@@@@@@@.........@@@@@@.....................@@@@@@@@@@..................................................
@@@@@@@@@@@@@@@@@@@@@@@@@@@@@@@@@@@@@@@@@@@@@@@@@@@@@@@@@@@@@@@@@@@@@@@@@@@@@@@@@@............................@@@@@@@@@@@@@@@@@@@@@@@@@@@@@@@@@@@@@@@@@@@@@@@@@@@..........@@@.....................@@@@@@@@@@@@@................................................
@@@@@@@@@@@@@@@@@@@@@@@@@@@@@@@@@@@@@@@@@@@@@@@@@@@@@@@@@@@@@@@@@@@@@@@@@@@@@@@@@@............................@@@@@@@@@@@@@@@@@@@@@@@@@@@@@@@@@@@@@@@@@@@@@@@@@@@@...........@.....................@@@@@@@@@@@@@@@@.............................................
@@@@@@@@@@@@@@@@@@@@@@@@@@@@@@@@@@@@@@@@@@@@@@@@@@@@@@@@@@@@@@@@@@@@@@@@@@@@@@@@@@............................@@@@@@@@@@@@@@@@@@@@@@@@@@@@@@@@@@@@@@@@@@@@@@@@@@@@@...............................@@@@@@@@@@@@@@@@@@@@..........................................
@@@@@@@@@@@@@@@@@@@@@@@@@@@@@@@@@@@@@@@@@@@@@@@@@@@@@@@@@@@@@@@@@@@@@@@@@@@@@@@@@@............................@@@@@@@@@@@@@@@@@@@@@@@@@@@@@@@@@@@@@@@@@@@@@@@@@@@@@@..............................@@@@@@@@@@@@@@@@@@@@@@@@......................................
@@@@@@@@@@@@@@@@@@@@@@@@@@@@@@@@@@@@@@@@@@@@@@@@@@@@@@@@@@@@@@@@@@@@@@@@@@@@@@@@@@............................@@@@@@@@@@@@@@@@@@@@@@@@@@@@@@@@@@@@@@@@@@@@@@@@@@@@@@.............@@..............@@@@@@@@@@@@@@@@@@@@@@@@@@@@...................................
@@@@@@@@@@@@@@@@@@@@@@@@@@@@@@@@@@@@@@@@@@@@@@@@@@@@@@@@@@@@@@@@@@@@@@@@@@@@@@@@@@............................@@@@@@@@@@@@@@@@@@@@@@@@@@@@@@@@@@@@@@@@@@@@@@@@@@@@@............@@@@@@@...........@@@@@@@@@@@@@@@@@@@@@@@@@@@@@@.................................
